Component: ARM Compiler 5.06 update 5 (build 528) Tool: armlink [4d35e2]

==============================================================================

Section Cross References

    startup_stm32f103xb.o(STACK) refers (Special) to heapauxi.o(.text) for __use_two_region_memory
    startup_stm32f103xb.o(HEAP) refers (Special) to heapauxi.o(.text) for __use_two_region_memory
    startup_stm32f103xb.o(RESET) refers (Special) to heapauxi.o(.text) for __use_two_region_memory
    startup_stm32f103xb.o(RESET) refers to startup_stm32f103xb.o(STACK) for __initial_sp
    startup_stm32f103xb.o(RESET) refers to startup_stm32f103xb.o(.text) for Reset_Handler
    startup_stm32f103xb.o(RESET) refers to stm32f1xx_it.o(i.NMI_Handler) for NMI_Handler
    startup_stm32f103xb.o(RESET) refers to stm32f1xx_it.o(i.HardFault_Handler) for HardFault_Handler
    startup_stm32f103xb.o(RESET) refers to stm32f1xx_it.o(i.MemManage_Handler) for MemManage_Handler
    startup_stm32f103xb.o(RESET) refers to stm32f1xx_it.o(i.BusFault_Handler) for BusFault_Handler
    startup_stm32f103xb.o(RESET) refers to stm32f1xx_it.o(i.UsageFault_Handler) for UsageFault_Handler
    startup_stm32f103xb.o(RESET) refers to stm32f1xx_it.o(i.SVC_Handler) for SVC_Handler
    startup_stm32f103xb.o(RESET) refers to stm32f1xx_it.o(i.DebugMon_Handler) for DebugMon_Handler
    startup_stm32f103xb.o(RESET) refers to stm32f1xx_it.o(i.PendSV_Handler) for PendSV_Handler
    startup_stm32f103xb.o(RESET) refers to stm32f1xx_it.o(i.SysTick_Handler) for SysTick_Handler
    startup_stm32f103xb.o(RESET) refers to stm32f1xx_it.o(i.DMA1_Channel4_IRQHandler) for DMA1_Channel4_IRQHandler
    startup_stm32f103xb.o(RESET) refers to stm32f1xx_it.o(i.DMA1_Channel5_IRQHandler) for DMA1_Channel5_IRQHandler
    startup_stm32f103xb.o(RESET) refers to stm32f1xx_it.o(i.USART1_IRQHandler) for USART1_IRQHandler
    startup_stm32f103xb.o(.text) refers (Special) to heapauxi.o(.text) for __use_two_region_memory
    startup_stm32f103xb.o(.text) refers to system_stm32f1xx.o(i.SystemInit) for SystemInit
    startup_stm32f103xb.o(.text) refers to __main.o(!!!main) for __main
    startup_stm32f103xb.o(.text) refers to startup_stm32f103xb.o(HEAP) for Heap_Mem
    startup_stm32f103xb.o(.text) refers to startup_stm32f103xb.o(STACK) for Stack_Mem
    main.o(i.ProcessBtCommand) refers to _printf_percent.o(.ARM.Collect$$_printf_percent$$00000000) for _printf_percent
    main.o(i.ProcessBtCommand) refers to _printf_d.o(.ARM.Collect$$_printf_percent$$00000009) for _printf_d
    main.o(i.ProcessBtCommand) refers to _printf_dec.o(.text) for _printf_int_dec
    main.o(i.ProcessBtCommand) refers to strlen.o(.text) for strlen
    main.o(i.ProcessBtCommand) refers to strchr.o(.text) for strchr
    main.o(i.ProcessBtCommand) refers to strncmp.o(.text) for strncmp
    main.o(i.ProcessBtCommand) refers to strtok.o(.text) for strtok
    main.o(i.ProcessBtCommand) refers to atoi.o(.text) for atoi
    main.o(i.ProcessBtCommand) refers to rgbled.o(i.RGB_SetColor) for RGB_SetColor
    main.o(i.ProcessBtCommand) refers to main.o(i.UpdateModeDisplay) for UpdateModeDisplay
    main.o(i.ProcessBtCommand) refers to noretval__2snprintf.o(.text) for __2snprintf
    main.o(i.ProcessBtCommand) refers to hc05.o(i.HC05_SendString) for HC05_SendString
    main.o(i.ProcessBtCommand) refers to main.o(.data) for .data
    main.o(i.SystemClock_Config) refers to rt_memclr_w.o(.text) for __aeabi_memclr4
    main.o(i.SystemClock_Config) refers to stm32f1xx_hal_rcc.o(i.HAL_RCC_OscConfig) for HAL_RCC_OscConfig
    main.o(i.SystemClock_Config) refers to stm32f1xx_hal_rcc.o(i.HAL_RCC_ClockConfig) for HAL_RCC_ClockConfig
    main.o(i.UpdateModeDisplay) refers to _printf_pad.o(.text) for _printf_pre_padding
    main.o(i.UpdateModeDisplay) refers to _printf_percent.o(.ARM.Collect$$_printf_percent$$00000000) for _printf_percent
    main.o(i.UpdateModeDisplay) refers to _printf_s.o(.ARM.Collect$$_printf_percent$$00000014) for _printf_s
    main.o(i.UpdateModeDisplay) refers to _printf_str.o(.text) for _printf_str
    main.o(i.UpdateModeDisplay) refers to noretval__2snprintf.o(.text) for __2snprintf
    main.o(i.UpdateModeDisplay) refers to oled.o(i.OLED_ShowString) for OLED_ShowString
    main.o(i.UpdateModeDisplay) refers to oled.o(i.OLED_RefreshPage) for OLED_RefreshPage
    main.o(i.UpdateModeDisplay) refers to main.o(.constdata) for .constdata
    main.o(i.UpdateModeDisplay) refers to main.o(.data) for .data
    main.o(i.main) refers to _printf_percent.o(.ARM.Collect$$_printf_percent$$00000000) for _printf_percent
    main.o(i.main) refers to _printf_d.o(.ARM.Collect$$_printf_percent$$00000009) for _printf_d
    main.o(i.main) refers to _printf_s.o(.ARM.Collect$$_printf_percent$$00000014) for _printf_s
    main.o(i.main) refers to _printf_dec.o(.text) for _printf_int_dec
    main.o(i.main) refers to _printf_str.o(.text) for _printf_str
    main.o(i.main) refers to stm32f1xx_hal.o(i.HAL_Init) for HAL_Init
[...]
    i.HAL_InitTick                           0x08001fc0   Section        0  stm32f1xx_hal.o(i.HAL_InitTick)
    i.HAL_MspInit                            0x08002000   Section        0  stm32f1xx_hal_msp.o(i.HAL_MspInit)
    i.HAL_NVIC_EnableIRQ                     0x0800203c   Section        0  stm32f1xx_hal_cortex.o(i.HAL_NVIC_EnableIRQ)
    i.HAL_NVIC_SetPriority                   0x08002058   Section        0  stm32f1xx_hal_cortex.o(i.HAL_NVIC_SetPriority)
    i.HAL_NVIC_SetPriorityGrouping           0x08002098   Section        0  stm32f1xx_hal_cortex.o(i.HAL_NVIC_SetPriorityGrouping)
    i.HAL_RCC_ClockConfig                    0x080020bc   Section        0  stm32f1xx_hal_rcc.o(i.HAL_RCC_ClockConfig)
    i.HAL_RCC_GetPCLK1Freq                   0x080021e8   Section        0  stm32f1xx_hal_rcc.o(i.HAL_RCC_GetPCLK1Freq)
    i.HAL_RCC_GetPCLK2Freq                   0x08002208   Section        0  stm32f1xx_hal_rcc.o(i.HAL_RCC_GetPCLK2Freq)
    i.HAL_RCC_GetSysClockFreq                0x08002228   Section        0  stm32f1xx_hal_rcc.o(i.HAL_RCC_GetSysClockFreq)
    i.HAL_RCC_OscConfig                      0x08002274   Section        0  stm32f1xx_hal_rcc.o(i.HAL_RCC_OscConfig)
    i.HAL_SYSTICK_Config                     0x08002594   Section        0  stm32f1xx_hal_cortex.o(i.HAL_SYSTICK_Config)
    i.HAL_TIMEx_MasterConfigSynchronization  0x080025bc   Section        0  stm32f1xx_hal_tim_ex.o(i.HAL_TIMEx_MasterConfigSynchronization)
    i.HAL_TIM_MspPostInit                    0x08002624   Section        0  tim.o(i.HAL_TIM_MspPostInit)
    i.HAL_TIM_PWM_ConfigChannel              0x0800266c   Section        0  stm32f1xx_hal_tim.o(i.HAL_TIM_PWM_ConfigChannel)
    i.HAL_TIM_PWM_Init                       0x08002738   Section        0  stm32f1xx_hal_tim.o(i.HAL_TIM_PWM_Init)
    i.HAL_TIM_PWM_MspInit                    0x08002794   Section        0  tim.o(i.HAL_TIM_PWM_MspInit)
    i.HAL_TIM_PWM_Start                      0x080027b8   Section        0  stm32f1xx_hal_tim.o(i.HAL_TIM_PWM_Start)
    i.HAL_UARTEx_RxEventCallback             0x08002854   Section        0  stm32f1xx_hal_uart.o(i.HAL_UARTEx_RxEventCallback)
    i.HAL_UART_DMAStop                       0x08002856   Section        0  stm32f1xx_hal_uart.o(i.HAL_UART_DMAStop)
    i.HAL_UART_ErrorCallback                 0x080028c6   Section        0  stm32f1xx_hal_uart.o(i.HAL_UART_ErrorCallback)
    i.HAL_UART_IRQHandler                    0x080028c8   Section        0  stm32f1xx_hal_uart.o(i.HAL_UART_IRQHandler)
    i.HAL_UART_Init                          0x08002b34   Section        0  stm32f1xx_hal_uart.o(i.HAL_UART_Init)
    i.HAL_UART_MspInit                       0x08002b98   Section        0  usart.o(i.HAL_UART_MspInit)
    i.HAL_UART_Receive_DMA                   0x08002c7c   Section        0  stm32f1xx_hal_uart.o(i.HAL_UART_Receive_DMA)
    i.HAL_UART_RxCpltCallback                0x08002c98   Section        0  stm32f1xx_hal_uart.o(i.HAL_UART_RxCpltCallback)
    i.HAL_UART_RxHalfCpltCallback            0x08002c9a   Section        0  stm32f1xx_hal_uart.o(i.HAL_UART_RxHalfCpltCallback)
    i.HAL_UART_Transmit_DMA                  0x08002c9c   Section        0  stm32f1xx_hal_uart.o(i.HAL_UART_Transmit_DMA)
    i.HAL_UART_TxCpltCallback                0x08002d14   Section        0  stm32f1xx_hal_uart.o(i.HAL_UART_TxCpltCallback)
    i.HAL_UART_TxHalfCpltCallback            0x08002d16   Section        0  stm32f1xx_hal_uart.o(i.HAL_UART_TxHalfCpltCallback)
    i.HC05_IRQHandler                        0x08002d18   Section        0  hc05.o(i.HC05_IRQHandler)
    i.HC05_Init                              0x08002d90   Section        0  hc05.o(i.HC05_Init)
    i.HC05_SendString                        0x08002db4   Section        0  hc05.o(i.HC05_SendString)
    i.HardFault_Handler                      0x08002dfc   Section        0  stm32f1xx_it.o(i.HardFault_Handler)
    i.I2C1_Recover                           0x08002e00   Section        0  bh1750.o(i.I2C1_Recover)
    I2C1_Recover                             0x08002e01   Thumb Code    18  bh1750.o(i.I2C1_Recover)
    i.I2C1_Recover                           0x08002e18   Section        0  bmp280.o(i.I2C1_Recover)
    I2C1_Recover                             0x08002e19   Thumb Code    18  bmp280.o(i.I2C1_Recover)
    i.I2C_IsAcknowledgeFailed                0x08002e30   Section        0  stm32f1xx_hal_i2c.o(i.I2C_IsAcknowledgeFailed)
    I2C_IsAcknowledgeFailed                  0x08002e31   Thumb Code    46  stm32f1xx_hal_i2c.o(i.I2C_IsAcknowledgeFailed)
    i.I2C_MasterRequestRead                  0x08002e60   Section        0  stm32f1xx_hal_i2c.o(i.I2C_MasterRequestRead)
    I2C_MasterRequestRead                    0x08002e61   Thumb Code   230  stm32f1xx_hal_i2c.o(i.I2C_MasterRequestRead)
    i.I2C_MasterRequestWrite                 0x08002f4c   Section        0  stm32f1xx_hal_i2c.o(i.I2C_MasterRequestWrite)
    I2C_MasterRequestWrite                   0x08002f4d   Thumb Code   150  stm32f1xx_hal_i2c.o(i.I2C_MasterRequestWrite)
    i.I2C_WaitOnBTFFlagUntilTimeout          0x08002fe8   Section        0  stm32f1xx_hal_i2c.o(i.I2C_WaitOnBTFFlagUntilTimeout)
    I2C_WaitOnBTFFlagUntilTimeout            0x08002fe9   Thumb Code    86  stm32f1xx_hal_i2c.o(i.I2C_WaitOnBTFFlagUntilTimeout)
    i.I2C_WaitOnFlagUntilTimeout             0x08003040   Section        0  stm32f1xx_hal_i2c.o(i.I2C_WaitOnFlagUntilTimeout)
    I2C_WaitOnFlagUntilTimeout               0x08003041   Thumb Code   144  stm32f1xx_hal_i2c.o(i.I2C_WaitOnFlagUntilTimeout)
    i.I2C_WaitOnMasterAddressFlagUntilTimeout 0x080030d0   Section        0  stm32f1xx_hal_i2c.o(i.I2C_WaitOnMasterAddressFlagUntilTimeout)
    I2C_WaitOnMasterAddressFlagUntilTimeout  0x080030d1   Thumb Code   188  stm32f1xx_hal_i2c.o(i.I2C_WaitOnMasterAddressFlagUntilTimeout)
    i.I2C_WaitOnRXNEFlagUntilTimeout         0x0800318c   Section        0  stm32f1xx_hal_i2c.o(i.I2C_WaitOnRXNEFlagUntilTimeout)
    I2C_WaitOnRXNEFlagUntilTimeout           0x0800318d   Thumb Code   112  stm32f1xx_hal_i2c.o(i.I2C_WaitOnRXNEFlagUntilTimeout)
    i.I2C_WaitOnTXEFlagUntilTimeout          0x080031fc   Section        0  stm32f1xx_hal_i2c.o(i.I2C_WaitOnTXEFlagUntilTimeout)
    I2C_WaitOnTXEFlagUntilTimeout            0x080031fd   Thumb Code    86  stm32f1xx_hal_i2c.o(i.I2C_WaitOnTXEFlagUntilTimeout)
    i.I2C_WriteByte                          0x08003254   Section        0  bh1750.o(i.I2C_WriteByte)
    I2C_WriteByte                            0x08003255   Thumb Code    30  bh1750.o(i.I2C_WriteByte)
    i.Key_GetEvent                           0x08003278   Section        0  key.o(i.Key_GetEvent)
    i.Key_Init                               0x08003298   Section        0  key.o(i.Key_Init)
    i.Key_Scan                               0x0800329c   Section        0  key.o(i.Key_Scan)
    i.MX_DMA_Init                            0x08003388   Section        0  dma.o(i.MX_DMA_Init)
    i.MX_GPIO_Init                           0x080033c4   Section        0  gpio.o(i.MX_GPIO_Init)
    i.MX_I2C1_Init                           0x0800345c   Section        0  i2c.o(i.MX_I2C1_Init)
    i.MX_I2C2_Init                           0x0800349c   Section        0  i2c.o(i.MX_I2C2_Init)
    i.MX_TIM2_Init                           0x080034dc   Section        0  tim.o(i.MX_TIM2_Init)
    i.MX_USART1_UART_Init                    0x0800356c   Section        0  usart.o(i.MX_USART1_UART_Init)
    i.MemManage_Handler                      0x080035a4   Section        0  stm32f1xx_it.o(i.MemManage_Handler)
    i.NMI_Handler                            0x080035a6   Section        0  stm32f1xx_it.o(i.NMI_Handler)
    i.OLED_Clear                             0x080035a8   Section        0  oled.o(i.OLED_Clear)
    i.OLED_I2C_Recover                       0x080035c0   Section        0  oled.o(i.OLED_I2C_Recover)
    OLED_I2C_Recover                         0x080035c1   Thumb Code   190  oled.o(i.OLED_I2C_Recover)
    i.OLED_Init                              0x08003688   Section        0  oled.o(i.OLED_Init)
    i.OLED_Refresh                           0x08003740   Section        0  oled.o(i.OLED_Refresh)
    i.OLED_RefreshPage                       0x08003768   Section        0  oled.o(i.OLED_RefreshPage)
    i.OLED_SetCursor                         0x0800378c   Section        0  oled.o(i.OLED_SetCursor)
    OLED_SetCursor                           0x0800378d   Thumb Code    34  oled.o(i.OLED_SetCursor)
    i.OLED_ShowChar                          0x080037b0   Section        0  oled.o(i.OLED_ShowChar)
    i.OLED_ShowString                        0x080037f8   Section        0  oled.o(i.OLED_ShowString)
    i.OLED_WriteCmd                          0x08003820   Section        0  oled.o(i.OLED_WriteCmd)
    OLED_WriteCmd                            0x08003821   Thumb Code    52  oled.o(i.OLED_WriteCmd)
    i.OLED_WriteData                         0x0800385c   Section        0  oled.o(i.OLED_WriteData)
    OLED_WriteData                           0x0800385d   Thumb Code    76  oled.o(i.OLED_WriteData)
    i.PWM_Init                               0x080038b4   Section        0  pwm.o(i.PWM_Init)
    i.PWM_SetDuty                            0x080038d8   Section        0  pwm.o(i.PWM_SetDuty)
    i.PendSV_Handler                         0x08003900   Section        0  stm32f1xx_it.o(i.PendSV_Handler)
    i.ProcessBtCommand                       0x08003904   Section        0  main.o(i.ProcessBtCommand)
    ProcessBtCommand                         0x08003905   Thumb Code   342  main.o(i.ProcessBtCommand)
    i.RGB_BreathTask                         0x08003a9c   Section        0  rgbled.o(i.RGB_BreathTask)
    i.RGB_Init                               0x08003ac8   Section        0  rgbled.o(i.RGB_Init)
    i.RGB_RainbowTask                        0x08003adc   Section        0  rgbled.o(i.RGB_RainbowTask)
    i.RGB_SetColor                           0x08003b00   Section        0  rgbled.o(i.RGB_SetColor)
    i.RGB_SetHue                             0x08003b54   Section        0  rgbled.o(i.RGB_SetHue)
    i.SVC_Handler                            0x08003b78   Section        0  stm32f1xx_it.o(i.SVC_Handler)
    i.SysTick_Handler                        0x08003b7c   Section        0  stm32f1xx_it.o(i.SysTick_Handler)
    i.SystemClock_Config                     0x08003b98   Section        0  main.o(i.SystemClock_Config)
    i.SystemInit                             0x08003bf6   Section        0  system_stm32f1xx.o(i.SystemInit)
    i.TIM_Base_SetConfig                     0x08003bf8   Section        0  stm32f1xx_hal_tim.o(i.TIM_Base_SetConfig)
    i.TIM_CCxChannelCmd                      0x08003c70   Section        0  stm32f1xx_hal_tim.o(i.TIM_CCxChannelCmd)
    i.TIM_OC1_SetConfig                      0x08003c8c   Section        0  stm32f1xx_hal_tim.o(i.TIM_OC1_SetConfig)
    TIM_OC1_SetConfig                        0x08003c8d   Thumb Code    74  stm32f1xx_hal_tim.o(i.TIM_OC1_SetConfig)
    i.TIM_OC2_SetConfig                      0x08003cdc   Section        0  stm32f1xx_hal_tim.o(i.TIM_OC2_SetConfig)
    i.TIM_OC3_SetConfig                      0x08003d34   Section        0  stm32f1xx_hal_tim.o(i.TIM_OC3_SetConfig)
    TIM_OC3_SetConfig                        0x08003d35   Thumb Code    82  stm32f1xx_hal_tim.o(i.TIM_OC3_SetConfig)
    i.TIM_OC4_SetConfig                      0x08003d8c   Section        0  stm32f1xx_hal_tim.o(i.TIM_OC4_SetConfig)
    TIM_OC4_SetConfig                        0x08003d8d   Thumb Code    64  stm32f1xx_hal_tim.o(i.TIM_OC4_SetConfig)
    i.UART_DMAAbortOnError                   0x08003dd0   Section        0  stm32f1xx_hal_uart.o(i.UART_DMAAbortOnError)
    UART_DMAAbortOnError                     0x08003dd1   Thumb Code    16  stm32f1xx_hal_uart.o(i.UART_DMAAbortOnError)
    i.UART_DMAError                          0x08003de0   Section        0  stm32f1xx_hal_uart.o(i.UART_DMAError)
    UART_DMAError                            0x08003de1   Thumb Code    74  stm32f1xx_hal_uart.o(i.UART_DMAError)
    i.UART_DMAReceiveCplt                    0x08003e2a   Section        0  stm32f1xx_hal_uart.o(i.UART_DMAReceiveCplt)
    UART_DMAReceiveCplt                      0x08003e2b   Thumb Code   134  stm32f1xx_hal_uart.o(i.UART_DMAReceiveCplt)
    i.UART_DMARxHalfCplt                     0x08003eb0   Section        0  stm32f1xx_hal_uart.o(i.UART_DMARxHalfCplt)
    UART_DMARxHalfCplt                       0x08003eb1   Thumb Code    30  stm32f1xx_hal_uart.o(i.UART_DMARxHalfCplt)
    i.UART_DMATransmitCplt                   0x08003ece   Section        0  stm32f1xx_hal_uart.o(i.UART_DMATransmitCplt)
    UART_DMATransmitCplt                     0x08003ecf   Thumb Code    66  stm32f1xx_hal_uart.o(i.UART_DMATransmitCplt)
    i.UART_DMATxHalfCplt                     0x08003f10   Section        0  stm32f1xx_hal_uart.o(i.UART_DMATxHalfCplt)
    UART_DMATxHalfCplt                       0x08003f11   Thumb Code    10  stm32f1xx_hal_uart.o(i.UART_DMATxHalfCplt)
    i.UART_EndRxTransfer                     0x08003f1a   Section        0  stm32f1xx_hal_uart.o(i.UART_EndRxTransfer)
    UART_EndRxTransfer                       0x08003f1b   Thumb Code    78  stm32f1xx_hal_uart.o(i.UART_EndRxTransfer)
    i.UART_EndTxTransfer                     0x08003f68   Section        0  stm32f1xx_hal_uart.o(i.UART_EndTxTransfer)
    UART_EndTxTransfer                       0x08003f69   Thumb Code    28  stm32f1xx_hal_uart.o(i.UART_EndTxTransfer)
    i.UART_Receive_IT                        0x08003f84   Section        0  stm32f1xx_hal_uart.o(i.UART_Receive_IT)
    UART_Receive_IT                          0x08003f85   Thumb Code   194  stm32f1xx_hal_uart.o(i.UART_Receive_IT)
    i.UART_SetConfig                         0x08004048   Section        0  stm32f1xx_hal_uart.o(i.UART_SetConfig)
    UART_SetConfig                           0x08004049   Thumb Code   178  stm32f1xx_hal_uart.o(i.UART_SetConfig)
    i.UART_Start_Receive_DMA                 0x08004100   Section        0  stm32f1xx_hal_uart.o(i.UART_Start_Receive_DMA)
    i.USART1_IRQHandler                      0x08004190   Section        0  stm32f1xx_it.o(i.USART1_IRQHandler)
    i.UpdateModeDisplay                      0x080041a8   Section        0  main.o(i.UpdateModeDisplay)
    UpdateModeDisplay                        0x080041a9   Thumb Code    56  main.o(i.UpdateModeDisplay)
    i.UsageFault_Handler                     0x080041f4   Section        0  stm32f1xx_it.o(i.UsageFault_Handler)
    i.__NVIC_SetPriority                     0x080041f6   Section        0  stm32f1xx_hal_cortex.o(i.__NVIC_SetPriority)
    __NVIC_SetPriority                       0x080041f7   Thumb Code    32  stm32f1xx_hal_cortex.o(i.__NVIC_SetPriority)
    i._is_digit                              0x08004216   Section        0  __printf_wp.o(i._is_digit)
    i.main                                   0x08004224   Section        0  main.o(i.main)
    locale$$code                             0x080045fc   Section       44  lc_ctype_c.o(locale$$code)
    .constdata                               0x08004628   Section       28  main.o(.constdata)
    static_colors                            0x08004628   Data          12  main.o(.constdata)
    .constdata                               0x08004644   Section     1520  oled.o(.constdata)
    .constdata                               0x08004c34   Section     1208  rgbled.o(.constdata)
    hue_rgb_table                            0x08004c34   Data        1080  rgbled.o(.constdata)
    breath_table                             0x0800506c   Data         128  rgbled.o(.constdata)
    .constdata                               0x080050ec   Section       18  stm32f1xx_hal_rcc.o(.constdata)
    aPredivFactorTable                       0x080050ec   Data           2  stm32f1xx_hal_rcc.o(.constdata)
    aPLLMULFactorTable                       0x080050ee   Data          16  stm32f1xx_hal_rcc.o(.constdata)
    .constdata                               0x080050fe   Section       16  system_stm32f1xx.o(.constdata)
    .constdata                               0x0800510e   Section        8  system_stm32f1xx.o(.constdata)
    .constdata                               0x08005116   Section       17  __printf_flags_wp.o(.constdata)
    maptable                                 0x08005116   Data          17  __printf_flags_wp.o(.constdata)
    .conststring                             0x08005128   Section       32  main.o(.conststring)
    locale$$data                             0x08005168   Section      272  lc_ctype_c.o(locale$$data)
    __lcctype_c_name                         0x0800516c   Data           2  lc_ctype_c.o(locale$$data)
    __lcctype_c_start                        0x08005174   Data           0  lc_ctype_c.o(locale$$data)
    __lcctype_c_end                          0x08005278   Data           0  lc_ctype_c.o(locale$$data)
    .data                                    0x20000000   Section       36  main.o(.data)
    sys_mode                                 0x20000000   Data           1  main.o(.data)
    static_r                                 0x20000001   Data           1  main.o(.data)
    static_g                                 0x20000002   Data           1  main.o(.data)
    static_b                                 0x20000003   Data           1  main.o(.data)
    color_idx                                0x20000004   Data           1  main.o(.data)
    led_enable                               0x20000005   Data           1  main.o(.data)
    bmp_temp10                               0x20000006   Data           2  main.o(.data)
    bmp_press10                              0x20000008   Data           2  main.o(.data)
    bh1750_lux10                             0x2000000a   Data           2  main.o(.data)
    last_temp10                              0x2000000c   Data           2  main.o(.data)
    last_press10                             0x2000000e   Data           2  main.o(.data)
    last_lux10                               0x20000010   Data           2  main.o(.data)
    last_sensor_display                      0x20000014   Data           4  main.o(.data)
    last_led_update                          0x20000018   Data           4  main.o(.data)
    last_bt_send                             0x2000001c   Data           4  main.o(.data)
    last_bt_conn                             0x20000020   Data           4  main.o(.data)
    .data                                    0x20000024   Section       60  key.o(.data)
    keys                                     0x20000024   Data          60  key.o(.data)
    .data                                    0x20000060   Section        4  hc05.o(.data)
    .data                                    0x20000064   Section        8  oled.o(.data)
    oled_error_count                         0x20000064   Data           1  oled.o(.data)
    last_recover_tick                        0x20000068   Data           4  oled.o(.data)
    .data                                    0x2000006c   Section        4  rgbled.o(.data)
    index                                    0x2000006c   Data           1  rgbled.o(.data)
    hue                                      0x2000006e   Data           2  rgbled.o(.data)
    .data                                    0x20000070   Section       16  bh1750.o(.data)
    state                                    0x20000070   Data           1  bh1750.o(.data)
    init_step                                0x20000071   Data           1  bh1750.o(.data)
    retry_count                              0x20000072   Data           1  bh1750.o(.data)
    state_timer                              0x20000074   Data           4  bh1750.o(.data)
    data                                     0x20000078   Data           4  bh1750.o(.data)
    .data                                    0x20000080   Section       24  bmp280.o(.data)
    state                                    0x20000080   Data           1  bmp280.o(.data)
    wait_tick                                0x20000084   Data           4  bmp280.o(.data)
    error_tick                               0x20000088   Data           4  bmp280.o(.data)
    data_buffer                              0x2000008c   Data           6  bmp280.o(.data)
    .data                                    0x20000098   Section        4  stm32f1xx_it.o(.data)
    .data                                    0x2000009c   Section       12  stm32f1xx_hal.o(.data)
    .data                                    0x200000a8   Section        4  system_stm32f1xx.o(.data)
    .data                                    0x200000ac   Section        4  strtok.o(.data)
    _strtok_saves1                           0x200000ac   Data           4  strtok.o(.data)
    .bss                                     0x200000b0   Section      168  i2c.o(.bss)
    .bss                                     0x20000158   Section       72  tim.o(.bss)
    .bss                                     0x200001a0   Section      208  usart.o(.bss)
    .bss                                     0x20000270   Section      256  hc05.o(.bss)
    dma_rx_buf                               0x20000270   Data          64  hc05.o(.bss)
    tx_dma_buf                               0x200002f0   Data         128  hc05.o(.bss)
    .bss                                     0x20000370   Section     1153  oled.o(.bss)
    buf                                      0x20000370   Data         129  oled.o(.bss)
    OLED_GRAM                                0x200003f1   Data        1024  oled.o(.bss)
    .bss                                     0x200007f2   Section       24  bmp280.o(.bss)
    bmp_cal                                  0x200007f2   Data          24  bmp280.o(.bss)
    .bss                                     0x2000080c   Section       96  libspace.o(.bss)
    HEAP                                     0x20000870   Section      512  startup_stm32f103xb.o(HEAP)
    Heap_Mem                                 0x20000870   Data         512  startup_stm32f103xb.o(HEAP)
    STACK                                    0x20000a70   Section     4096  startup_stm32f103xb.o(STACK)
    Stack_Mem                                0x20000a70   Data        4096  startup_stm32f103xb.o(STACK)
    __initial_sp                             0x20001a70   Data           0  startup_stm32f103xb.o(STACK)

    Global Symbols

    Symbol Name                              Value     Ov Type        Size  Object(Section)

    BuildAttributes$$THM_ISAv4$P$D$K$B$S$PE$A:L22UL41UL21$X:L11$S22US41US21$IEEE1$IW$USESV6$~STKCKD$USESV7$~SHL$OSPACE$ROPI$EBA8$UX$STANDARDLIB$REQ8$PRES8$EABIv2 0x00000000   Number         0  anon$$obj.o ABSOLUTE
    __ARM_use_no_argv                        0x00000000   Number         0  main.o ABSOLUTE
    _printf_flags                            0x00000000   Number         0  printf_stubs.o ABSOLUTE
    _printf_return_value                     0x00000000   Number         0  printf_stubs.o ABSOLUTE
    _printf_sizespec                         0x00000000   Number         0  printf_stubs.o ABSOLUTE
    _printf_widthprec                        0x00000000   Number         0  printf_stubs.o ABSOLUTE
    __ARM_exceptions_init                     - Undefined Weak Reference
    __alloca_initialize                       - Undefined Weak Reference
    __arm_preinit_                            - Undefined Weak Reference
    __cpp_initialize__aeabi_                  - Undefined Weak Reference
    __cxa_finalize                            - Undefined Weak Reference
    __sigvec_lookup                           - Undefined Weak Reference
    _atexit_init                              - Undefined Weak Reference
    _call_atexit_fns                          - Undefined Weak Reference
    _clock_init                               - Undefined Weak Reference
    _fp_trap_init                             - Undefined Weak Reference
    _fp_trap_shutdown                         - Undefined Weak Reference
    _get_lc_collate                           - Undefined Weak Reference
    _get_lc_monetary                          - Undefined Weak Reference
    _get_lc_numeric                           - Undefined Weak Reference
    _get_lc_time                              - Undefined Weak Reference
    _getenv_init                              - Undefined Weak Reference
    _handle_redirection                       - Undefined Weak Reference
    _init_alloc                               - Undefined Weak Reference
    _init_user_alloc                          - Undefined Weak Reference
    _initio                                   - Undefined Weak Reference
    _printf_mbtowc                            - Undefined Weak Reference
    _printf_truncate_signed                   - Undefined Weak Reference
    _printf_truncate_unsigned                 - Undefined Weak Reference
    _rand_init                                - Undefined Weak Reference
    _signal_finish                            - Undefined Weak Reference
    _signal_init                              - Undefined Weak Reference
    _terminate_alloc                          - Undefined Weak Reference
    _terminate_user_alloc                     - Undefined Weak Reference
    _terminateio                              - Undefined Weak Reference
    __Vectors_Size                           0x000000ec   Number         0  startup_stm32f103xb.o ABSOLUTE
    __Vectors                                0x08000000   Data           4  startup_stm32f103xb.o(RESET)
    __Vectors_End                            0x080000ec   Data           0  startup_stm32f103xb.o(RESET)
    __main                                   0x080000ed   Thumb Code     8  __main.o(!!!main)
    __scatterload                            0x080000f5   Thumb Code     0  __scatter.o(!!!scatter)
    __scatterload_rt2                        0x080000f5   Thumb Code    44  __scatter.o(!!!scatter)
    __scatterload_rt2_thumb_only             0x080000f5   Thumb Code     0  __scatter.o(!!!scatter)
    __scatterload_null                       0x08000103   Thumb Code     0  __scatter.o(!!!scatter)
    __scatterload_copy                       0x08000129   Thumb Code    26  __scatter_copy.o(!!handler_copy)
    __scatterload_zeroinit                   0x08000145   Thumb Code    28  __scatter_zi.o(!!handler_zi)
    _printf_d                                0x08000161   Thumb Code     0  _printf_d.o(.ARM.Collect$$_printf_percent$$00000009)
    _printf_percent                          0x08000161   Thumb Code     0  _printf_percent.o(.ARM.Collect$$_printf_percent$$00000000)
    _printf_s                                0x08000167   Thumb Code     0  _printf_s.o(.ARM.Collect$$_printf_percent$$00000014)
    _printf_percent_end                      0x0800016d   Thumb Code     0  _printf_percent_end.o(.ARM.Collect$$_printf_percent$$00000017)
    __rt_lib_init                            0x08000171   Thumb Code     0  libinit.o(.ARM.Collect$$libinit$$00000000)
    __rt_lib_init_fp_1                       0x08000173   Thumb Code     0  libinit2.o(.ARM.Collect$$libinit$$00000002)
    __rt_lib_init_heap_1                     0x08000173   Thumb Code     0  libinit2.o(.ARM.Collect$$libinit$$0000000A)
    __rt_lib_init_lc_common                  0x08000173   Thumb Code     0  libinit2.o(.ARM.Collect$$libinit$$0000000F)
    __rt_lib_init_preinit_1                  0x08000173   Thumb Code     0  libinit2.o(.ARM.Collect$$libinit$$00000004)
    __rt_lib_init_rand_1                     0x08000173   Thumb Code     0  libinit2.o(.ARM.Collect$$libinit$$0000000E)
    __rt_lib_init_user_alloc_1               0x08000173   Thumb Code     0  libinit2.o(.ARM.Collect$$libinit$$0000000C)
    __rt_lib_init_lc_collate_1               0x08000179   Thumb Code     0  libinit2.o(.ARM.Collect$$libinit$$00000011)
    __rt_lib_init_lc_ctype_2                 0x08000179   Thumb Code     0  libinit2.o(.ARM.Collect$$libinit$$00000012)
    __rt_lib_init_alloca_1                   0x08000185   Thumb Code     0  libinit2.o(.ARM.Collect$$libinit$$0000002E)
    __rt_lib_init_argv_1                     0x08000185   Thumb Code     0  libinit2.o(.ARM.Collect$$libinit$$0000002C)
    __rt_lib_init_atexit_1                   0x08000185   Thumb Code     0  libinit2.o(.ARM.Collect$$libinit$$0000001B)
    __rt_lib_init_clock_1                    0x08000185   Thumb Code     0  libinit2.o(.ARM.Collect$$libinit$$00000021)
    __rt_lib_init_cpp_1                      0x08000185   Thumb Code     0  libinit2.o(.ARM.Collect$$libinit$$00000032)
    __rt_lib_init_exceptions_1               0x08000185   Thumb Code     0  libinit2.o(.ARM.Collect$$libinit$$00000030)
    __rt_lib_init_fp_trap_1                  0x08000185   Thumb Code     0  libinit2.o(.ARM.Collect$$libinit$$0000001F)
    __rt_lib_init_getenv_1                   0x08000185   Thumb Code     0  libinit2.o(.ARM.Collect$$libinit$$00000023)
    __rt_lib_init_lc_ctype_1                 0x08000185   Thumb Code     0  libinit2.o(.ARM.Collect$$libinit$$00000013)
    __rt_lib_init_lc_monetary_1              0x08000185   Thumb Code     0  libinit2.o(.ARM.Collect$$libinit$$00000015)
    __rt_lib_init_lc_numeric_1               0x08000185   Thumb Code     0  libinit2.o(.ARM.Collect$$libinit$$00000017)
    __rt_lib_init_lc_time_1                  0x08000185   Thumb Code     0  libinit2.o(.ARM.Collect$$libinit$$00000019)
    __rt_lib_init_return                     0x08000185   Thumb Code     0  libinit2.o(.ARM.Collect$$libinit$$00000033)
    __rt_lib_init_signal_1                   0x08000185   Thumb Code     0  libinit2.o(.ARM.Collect$$libinit$$0000001D)
    __rt_lib_init_stdio_1                    0x08000185   Thumb Code     0  libinit2.o(.ARM.Collect$$libinit$$00000025)
    __rt_lib_shutdown                        0x08000187   Thumb Code     0  libshutdown.o(.ARM.Collect$$libshutdown$$00000000)
    __rt_lib_shutdown_cpp_1                  0x08000189   Thumb Code     0  libshutdown2.o(.ARM.Collect$$libshutdown$$00000002)
    __rt_lib_shutdown_fp_trap_1              0x08000189   Thumb Code     0  libshutdown2.o(.ARM.Collect$$libshutdown$$00000007)
    __rt_lib_shutdown_heap_1                 0x08000189   Thumb Code     0  libshutdown2.o(.ARM.Collect$$libshutdown$$0000000F)
    __rt_lib_shutdown_return                 0x08000189   Thumb Code     0  libshutdown2.o(.ARM.Collect$$libshutdown$$00000010)
    __rt_lib_shutdown_signal_1               0x08000189   Thumb Code     0  libshutdown2.o(.ARM.Collect$$libshutdown$$0000000A)
    __rt_lib_shutdown_stdio_1                0x08000189   Thumb Code     0  libshutdown2.o(.ARM.Collect$$libshutdown$$00000004)
    __rt_lib_shutdown_user_alloc_1           0x08000189   Thumb Code     0  libshutdown2.o(.ARM.Collect$$libshutdown$$0000000C)
    __rt_entry                               0x0800018b   Thumb Code     0  __rtentry.o(.ARM.Collect$$rtentry$$00000000)
    __rt_entry_presh_1                       0x0800018b   Thumb Code     0  __rtentry2.o(.ARM.Collect$$rtentry$$00000002)
    __rt_entry_sh                            0x0800018b   Thumb Code     0  __rtentry4.o(.ARM.Collect$$rtentry$$00000004)
    __rt_entry_li                            0x08000191   Thumb Code     0  __rtentry2.o(.ARM.Collect$$rtentry$$0000000A)
    __rt_entry_postsh_1                      0x08000191   Thumb Code     0  __rtentry2.o(.ARM.Collect$$rtentry$$00000009)
    __rt_entry_main                          0x08000195   Thumb Code     0  __rtentry2.o(.ARM.Collect$$rtentry$$0000000D)
    __rt_entry_postli_1                      0x08000195   Thumb Code     0  __rtentry2.o(.ARM.Collect$$rtentry$$0000000C)
    __rt_exit                                0x0800019d   Thumb Code     0  rtexit.o(.ARM.Collect$$rtexit$$00000000)
    __rt_exit_ls                             0x0800019f   Thumb Code     0  rtexit2.o(.ARM.Collect$$rtexit$$00000003)
    __rt_exit_prels_1                        0x0800019f   Thumb Code     0  rtexit2.o(.ARM.Collect$$rtexit$$00000002)
    __rt_exit_exit                           0x080001a3   Thumb Code     0  rtexit2.o(.ARM.Collect$$rtexit$$00000004)
    Reset_Handler                            0x080001a9   Thumb Code     8  startup_stm32f103xb.o(.text)
    ADC1_2_IRQHandler                        0x080001c3   Thumb Code     0  startup_stm32f103xb.o(.text)
    CAN1_RX1_IRQHandler                      0x080001c3   Thumb Code     0  startup_stm32f103xb.o(.text)
    CAN1_SCE_IRQHandler                      0x080001c3   Thumb Code     0  startup_stm32f103xb.o(.text)
    DMA1_Channel1_IRQHandler                 0x080001c3   Thumb Code     0  startup_stm32f103xb.o(.text)
    DMA1_Channel2_IRQHandler                 0x080001c3   Thumb Code     0  startup_stm32f103xb.o(.text)
    DMA1_Channel3_IRQHandler                 0x080001c3   Thumb Code     0  startup_stm32f103xb.o(.text)
    DMA1_Channel6_IRQHandler                 0x080001c3   Thumb Code     0  startup_stm32f103xb.o(.text)
    DMA1_Channel7_IRQHandler                 0x080001c3   Thumb Code     0  startup_stm32f103xb.o(.text)
    EXTI0_IRQHandler                         0x080001c3   Thumb Code     0  startup_stm32f103xb.o(.text)
    EXTI15_10_IRQHandler                     0x080001c3   Thumb Code     0  startup_stm32f103xb.o(.text)
    EXTI1_IRQHandler                         0x080001c3   Thumb Code     0  startup_stm32f103xb.o(.text)
    EXTI2_IRQHandler                         0x080001c3   Thumb Code     0  startup_stm32f103xb.o(.text)
    EXTI3_IRQHandler                         0x080001c3   Thumb Code     0  startup_stm32f103xb.o(.text)
    EXTI4_IRQHandler                         0x080001c3   Thumb Code     0  startup_stm32f103xb.o(.text)
    EXTI9_5_IRQHandler                       0x080001c3   Thumb Code     0  startup_stm32f103xb.o(.text)
    FLASH_IRQHandler                         0x080001c3   Thumb Code     0  startup_stm32f103xb.o(.text)
    I2C1_ER_IRQHandler                       0x080001c3   Thumb Code     0  startup_stm32f103xb.o(.text)
    I2C1_EV_IRQHandler                       0x080001c3   Thumb Code     0  startup_stm32f103xb.o(.text)
    I2C2_ER_IRQHandler                       0x080001c3   Thumb Code     0  startup_stm32f103xb.o(.text)
    I2C2_EV_IRQHandler                       0x080001c3   Thumb Code     0  startup_stm32f103xb.o(.text)
    PVD_IRQHandler                           0x080001c3   Thumb Code     0  startup_stm32f103xb.o(.text)
    RCC_IRQHandler                           0x080001c3   Thumb Code     0  startup_stm32f103xb.o(.text)
    RTC_Alarm_IRQHandler                     0x080001c3   Thumb Code     0  startup_stm32f103xb.o(.text)
    RTC_IRQHandler                           0x080001c3   Thumb Code     0  startup_stm32f103xb.o(.text)
    SPI1_IRQHandler                          0x080001c3   Thumb Code     0  startup_stm32f103xb.o(.text)
    SPI2_IRQHandler                          0x080001c3   Thumb Code     0  startup_stm32f103xb.o(.text)
    TAMPER_IRQHandler                        0x080001c3   Thumb Code     0  startup_stm32f103xb.o(.text)
    TIM1_BRK_IRQHandler                      0x080001c3   Thumb Code     0  startup_stm32f103xb.o(.text)
    TIM1_CC_IRQHandler                       0x080001c3   Thumb Code     0  startup_stm32f103xb.o(.text)
    TIM1_TRG_COM_IRQHandler                  0x080001c3   Thumb Code     0  startup_stm32f103xb.o(.text)
    TIM1_UP_IRQHandler                       0x080001c3   Thumb Code     0  startup_stm32f103xb.o(.text)
    TIM2_IRQHandler                          0x080001c3   Thumb Code     0  startup_stm32f103xb.o(.text)
    TIM3_IRQHandler                          0x080001c3   Thumb Code     0  startup_stm32f103xb.o(.text)
    TIM4_IRQHandler                          0x080001c3   Thumb Code     0  startup_stm32f103xb.o(.text)
    USART2_IRQHandler                        0x080001c3   Thumb Code     0  startup_stm32f103xb.o(.text)
    USART3_IRQHandler                        0x080001c3   Thumb Code     0  startup_stm32f103xb.o(.text)
    USBWakeUp_IRQHandler                     0x080001c3   Thumb Code     0  startup_stm32f103xb.o(.text)
    USB_HP_CAN1_TX_IRQHandler                0x080001c3   Thumb Code     0  startup_stm32f103xb.o(.text)
    USB_LP_CAN1_RX0_IRQHandler               0x080001c3   Thumb Code     0  startup_stm32f103xb.o(.text)
    WWDG_IRQHandler                          0x080001c3   Thumb Code     0  startup_stm32f103xb.o(.text)
    __user_initial_stackheap                 0x080001c5   Thumb Code     0  startup_stm32f103xb.o(.text)
    __aeabi_ldivmod                          0x080001e9   Thumb Code     0  llsdiv.o(.text)
    _ll_sdiv                                 0x080001e9   Thumb Code    72  llsdiv.o(.text)
    __2snprintf                              0x08000231   Thumb Code    48  noretval__2snprintf.o(.text)
    _printf_pre_padding                      0x08000265   Thumb Code    44  _printf_pad.o(.text)
    _printf_post_padding                     0x08000291   Thumb Code    34  _printf_pad.o(.text)
    _printf_str                              0x080002b3   Thumb Code    82  _printf_str.o(.text)
    _printf_int_dec                          0x08000305   Thumb Code   104  _printf_dec.o(.text)
    __printf                                 0x0800037d   Thumb Code   308  __printf_flags_wp.o(.text)
    atoi                                     0x080004b5   Thumb Code    26  atoi.o(.text)
    strtok                                   0x080004d1   Thumb Code     6  strtok.o(.text)
    strchr                                   0x080004dd   Thumb Code    20  strchr.o(.text)
    strlen                                   0x080004f1   Thumb Code    62  strlen.o(.text)
    strncmp                                  0x0800052f   Thumb Code   150  strncmp.o(.text)
    __aeabi_memcpy                           0x080005c5   Thumb Code     0  rt_memcpy_v6.o(.text)
    __rt_memcpy                              0x080005c5   Thumb Code   138  rt_memcpy_v6.o(.text)
    _memcpy_lastbytes                        0x0800062b   Thumb Code     0  rt_memcpy_v6.o(.text)
    __aeabi_memclr                           0x0800064f   Thumb Code     0  rt_memclr.o(.text)
    __rt_memclr                              0x0800064f   Thumb Code    68  rt_memclr.o(.text)
    _memset                                  0x08000653   Thumb Code     0  rt_memclr.o(.text)
    __aeabi_memclr4                          0x08000693   Thumb Code     0  rt_memclr_w.o(.text)
    __aeabi_memclr8                          0x08000693   Thumb Code     0  rt_memclr_w.o(.text)
    __rt_memclr_w                            0x08000693   Thumb Code    78  rt_memclr_w.o(.text)
    _memset_w                                0x08000697   Thumb Code     0  rt_memclr_w.o(.text)
    __use_two_region_memory                  0x080006e1   Thumb Code     2  heapauxi.o(.text)
    __rt_heap_escrow$2region                 0x080006e3   Thumb Code     2  heapauxi.o(.text)
    __rt_heap_expand$2region                 0x080006e5   Thumb Code     2  heapauxi.o(.text)
    __aeabi_errno_addr                       0x080006e9   Thumb Code     8  rt_errno_addr_intlibspace.o(.text)
    __errno$intlibspace                      0x080006e9   Thumb Code     0  rt_errno_addr_intlibspace.o(.text)
    __rt_errno_addr$intlibspace              0x080006e9   Thumb Code     0  rt_errno_addr_intlibspace.o(.text)
    __aeabi_uldivmod                         0x080006f1   Thumb Code     0  lludivv7m.o(.text)
    _ll_udiv                                 0x080006f1   Thumb Code   238  lludivv7m.o(.text)
    _printf_int_common                       0x080007df   Thumb Code   178  _printf_intcommon.o(.text)
    _printf_char_common                      0x0800089b   Thumb Code    32  _printf_char_common.o(.text)
    _sputc                                   0x080008c1   Thumb Code    10  _sputc.o(.text)
    _snputc                                  0x080008cb   Thumb Code    16  _snputc.o(.text)
    _printf_cs_common                        0x080008db   Thumb Code    20  _printf_char.o(.text)
    _printf_char                             0x080008ef   Thumb Code    16  _printf_char.o(.text)
    _printf_string                           0x080008ff   Thumb Code     8  _printf_char.o(.text)
    strtol                                   0x08000907   Thumb Code   112  strtol.o(.text)
    __strtok_internal                        0x08000979   Thumb Code    64  strtok_int.o(.text)
    __aeabi_memcpy4                          0x080009bd   Thumb Code     0  rt_memcpy_w.o(.text)
    __aeabi_memcpy8                          0x080009bd   Thumb Code     0  rt_memcpy_w.o(.text)
    __rt_memcpy_w                            0x080009bd   Thumb Code   100  rt_memcpy_w.o(.text)
    _memcpy_lastbytes_aligned                0x08000a05   Thumb Code     0  rt_memcpy_w.o(.text)
    __user_libspace                          0x08000a21   Thumb Code     8  libspace.o(.text)
    __user_perproc_libspace                  0x08000a21   Thumb Code     0  libspace.o(.text)
    __user_perthread_libspace                0x08000a21   Thumb Code     0  libspace.o(.text)
    __rt_ctype_table                         0x08000a29   Thumb Code    16  rt_ctype_table.o(.text)
    _strtoul                                 0x08000a39   Thumb Code   158  _strtoul.o(.text)
    strcspn                                  0x08000ad7   Thumb Code    32  strcspn.o(.text)
    strspn                                   0x08000af7   Thumb Code    28  strspn.o(.text)
    __user_setup_stackheap                   0x08000b13   Thumb Code    74  sys_stackheap_outer.o(.text)
    __rt_locale                              0x08000b5d   Thumb Code     8  rt_locale_intlibspace.o(.text)
    _chval                                   0x08000b65   Thumb Code    28  _chval.o(.text)
    exit                                     0x08000b81   Thumb Code    18  exit.o(.text)
    strcmp                                   0x08000b95   Thumb Code   128  strcmpv7m.o(.text)
    _sys_exit                                0x08000c15   Thumb Code     8  sys_exit.o(.text)
    __I$use$semihosting                      0x08000c21   Thumb Code     0  use_no_semi.o(.text)
    __use_no_semihosting_swi                 0x08000c21   Thumb Code     2  use_no_semi.o(.text)
    __semihosting_library_function           0x08000c23   Thumb Code     0  indicate_semi.o(.text)
    BH1750_GetLux                            0x08000c25   Thumb Code    30  bh1750.o(i.BH1750_GetLux)
    BH1750_Init                              0x08000c49   Thumb Code    28  bh1750.o(i.BH1750_Init)
    BH1750_Task                              0x08000c6d   Thumb Code   230  bh1750.o(i.BH1750_Task)
    BMP280_GetData                           0x08000f45   Thumb Code    30  bmp280.o(i.BMP280_GetData)
    BMP280_Init                              0x08000f69   Thumb Code    92  bmp280.o(i.BMP280_Init)
    BMP280_Task                              0x08001035   Thumb Code   266  bmp280.o(i.BMP280_Task)
    BusFault_Handler                         0x08001171   Thumb Code     2  stm32f1xx_it.o(i.BusFault_Handler)
    DMA1_Channel4_IRQHandler                 0x08001175   Thumb Code     6  stm32f1xx_it.o(i.DMA1_Channel4_IRQHandler)
    DMA1_Channel5_IRQHandler                 0x08001181   Thumb Code     6  stm32f1xx_it.o(i.DMA1_Channel5_IRQHandler)
    DebugMon_Handler                         0x080011b7   Thumb Code     2  stm32f1xx_it.o(i.DebugMon_Handler)
    Error_Handler                            0x080011b9   Thumb Code     4  main.o(i.Error_Handler)
    HAL_DMA_Abort                            0x080011bd   Thumb Code    70  stm32f1xx_hal_dma.o(i.HAL_DMA_Abort)
    HAL_DMA_Abort_IT                         0x08001205   Thumb Code   148  stm32f1xx_hal_dma.o(i.HAL_DMA_Abort_IT)
    HAL_DMA_IRQHandler                       0x0800129d   Thumb Code   316  stm32f1xx_hal_dma.o(i.HAL_DMA_IRQHandler)
    HAL_DMA_Init                             0x080013f1   Thumb Code    84  stm32f1xx_hal_dma.o(i.HAL_DMA_Init)
    HAL_DMA_Start_IT                         0x0800144d   Thumb Code   112  stm32f1xx_hal_dma.o(i.HAL_DMA_Start_IT)
    HAL_Delay                                0x080014bd   Thumb Code    32  stm32f1xx_hal.o(i.HAL_Delay)
    HAL_GPIO_DeInit                          0x080014e1   Thumb Code   254  stm32f1xx_hal_gpio.o(i.HAL_GPIO_DeInit)
    HAL_GPIO_Init                            0x080015f9   Thumb Code   446  stm32f1xx_hal_gpio.o(i.HAL_GPIO_Init)
    HAL_GPIO_ReadPin                         0x080017d9   Thumb Code    10  stm32f1xx_hal_gpio.o(i.HAL_GPIO_ReadPin)
    HAL_GPIO_WritePin                        0x080017e3   Thumb Code    10  stm32f1xx_hal_gpio.o(i.HAL_GPIO_WritePin)
    HAL_GetTick                              0x080017ed   Thumb Code     6  stm32f1xx_hal.o(i.HAL_GetTick)
    HAL_I2C_DeInit                           0x080017f9   Thumb Code    50  stm32f1xx_hal_i2c.o(i.HAL_I2C_DeInit)
    HAL_I2C_Init                             0x0800182d   Thumb Code   376  stm32f1xx_hal_i2c.o(i.HAL_I2C_Init)
    HAL_I2C_IsDeviceReady                    0x080019b5   Thumb Code   354  stm32f1xx_hal_i2c.o(i.HAL_I2C_IsDeviceReady)
    HAL_I2C_Master_Receive                   0x08001b21   Thumb Code   576  stm32f1xx_hal_i2c.o(i.HAL_I2C_Master_Receive)
    HAL_I2C_Master_Transmit                  0x08001d71   Thumb Code   290  stm32f1xx_hal_i2c.o(i.HAL_I2C_Master_Transmit)
    HAL_I2C_MspDeInit                        0x08001e9d   Thumb Code    72  i2c.o(i.HAL_I2C_MspDeInit)
    HAL_I2C_MspInit                          0x08001ef5   Thumb Code   134  i2c.o(i.HAL_I2C_MspInit)
    HAL_IncTick                              0x08001f8d   Thumb Code    12  stm32f1xx_hal.o(i.HAL_IncTick)
    HAL_Init                                 0x08001f9d   Thumb Code    32  stm32f1xx_hal.o(i.HAL_Init)
    HAL_InitTick                             0x08001fc1   Thumb Code    54  stm32f1xx_hal.o(i.HAL_InitTick)
    HAL_MspInit                              0x08002001   Thumb Code    52  stm32f1xx_hal_msp.o(i.HAL_MspInit)
    HAL_NVIC_EnableIRQ                       0x0800203d   Thumb Code    26  stm32f1xx_hal_cortex.o(i.HAL_NVIC_EnableIRQ)
    HAL_NVIC_SetPriority                     0x08002059   Thumb Code    60  stm32f1xx_hal_cortex.o(i.HAL_NVIC_SetPriority)
    HAL_NVIC_SetPriorityGrouping             0x08002099   Thumb Code    26  stm32f1xx_hal_cortex.o(i.HAL_NVIC_SetPriorityGrouping)
    HAL_RCC_ClockConfig                      0x080020bd   Thumb Code   280  stm32f1xx_hal_rcc.o(i.HAL_RCC_ClockConfig)
    HAL_RCC_GetPCLK1Freq                     0x080021e9   Thumb Code    20  stm32f1xx_hal_rcc.o(i.HAL_RCC_GetPCLK1Freq)
    HAL_RCC_GetPCLK2Freq                     0x08002209   Thumb Code    20  stm32f1xx_hal_rcc.o(i.HAL_RCC_GetPCLK2Freq)
    HAL_RCC_GetSysClockFreq                  0x08002229   Thumb Code    58  stm32f1xx_hal_rcc.o(i.HAL_RCC_GetSysClockFreq)
    HAL_RCC_OscConfig                        0x08002275   Thumb Code   778  stm32f1xx_hal_rcc.o(i.HAL_RCC_OscConfig)
    HAL_SYSTICK_Config                       0x08002595   Thumb Code    40  stm32f1xx_hal_cortex.o(i.HAL_SYSTICK_Config)
    HAL_TIMEx_MasterConfigSynchronization    0x080025bd   Thumb Code    92  stm32f1xx_hal_tim_ex.o(i.HAL_TIMEx_MasterConfigSynchronization)
    HAL_TIM_MspPostInit                      0x08002625   Thumb Code    62  tim.o(i.HAL_TIM_MspPostInit)
    HAL_TIM_PWM_ConfigChannel                0x0800266d   Thumb Code   204  stm32f1xx_hal_tim.o(i.HAL_TIM_PWM_ConfigChannel)
    HAL_TIM_PWM_Init                         0x08002739   Thumb Code    90  stm32f1xx_hal_tim.o(i.HAL_TIM_PWM_Init)
    HAL_TIM_PWM_MspInit                      0x08002795   Thumb Code    30  tim.o(i.HAL_TIM_PWM_MspInit)
    HAL_TIM_PWM_Start                        0x080027b9   Thumb Code   144  stm32f1xx_hal_tim.o(i.HAL_TIM_PWM_Start)
    HAL_UARTEx_RxEventCallback               0x08002855   Thumb Code     2  stm32f1xx_hal_uart.o(i.HAL_UARTEx_RxEventCallback)
    HAL_UART_DMAStop                         0x08002857   Thumb Code   112  stm32f1xx_hal_uart.o(i.HAL_UART_DMAStop)
    HAL_UART_ErrorCallback                   0x080028c7   Thumb Code     2  stm32f1xx_hal_uart.o(i.HAL_UART_ErrorCallback)
    HAL_UART_IRQHandler                      0x080028c9   Thumb Code   616  stm32f1xx_hal_uart.o(i.HAL_UART_IRQHandler)
    HAL_UART_Init                            0x08002b35   Thumb Code   100  stm32f1xx_hal_uart.o(i.HAL_UART_Init)
    HAL_UART_MspInit                         0x08002b99   Thumb Code   206  usart.o(i.HAL_UART_MspInit)
    HAL_UART_Receive_DMA                     0x08002c7d   Thumb Code    28  stm32f1xx_hal_uart.o(i.HAL_UART_Receive_DMA)
    HAL_UART_RxCpltCallback                  0x08002c99   Thumb Code     2  stm32f1xx_hal_uart.o(i.HAL_UART_RxCpltCallback)
    HAL_UART_RxHalfCpltCallback              0x08002c9b   Thumb Code     2  stm32f1xx_hal_uart.o(i.HAL_UART_RxHalfCpltCallback)
    HAL_UART_Transmit_DMA                    0x08002c9d   Thumb Code   106  stm32f1xx_hal_uart.o(i.HAL_UART_Transmit_DMA)
    HAL_UART_TxCpltCallback                  0x08002d15   Thumb Code     2  stm32f1xx_hal_uart.o(i.HAL_UART_TxCpltCallback)
    HAL_UART_TxHalfCpltCallback              0x08002d17   Thumb Code     2  stm32f1xx_hal_uart.o(i.HAL_UART_TxHalfCpltCallback)
    HC05_IRQHandler                          0x08002d19   Thumb Code   106  hc05.o(i.HC05_IRQHandler)
    HC05_Init                                0x08002d91   Thumb Code    26  hc05.o(i.HC05_Init)
    HC05_SendString                          0x08002db5   Thumb Code    62  hc05.o(i.HC05_SendString)
    HardFault_Handler                        0x08002dfd   Thumb Code     2  stm32f1xx_it.o(i.HardFault_Handler)
    Key_GetEvent                             0x08003279   Thumb Code    26  key.o(i.Key_GetEvent)
    Key_Init                                 0x08003299   Thumb Code     2  key.o(i.Key_Init)
    Key_Scan                                 0x0800329d   Thumb Code   230  key.o(i.Key_Scan)
    MX_DMA_Init                              0x08003389   Thumb Code    56  dma.o(i.MX_DMA_Init)
    MX_GPIO_Init                             0x080033c5   Thumb Code   140  gpio.o(i.MX_GPIO_Init)
    MX_I2C1_Init                             0x0800345d   Thumb Code    50  i2c.o(i.MX_I2C1_Init)
    MX_I2C2_Init                             0x0800349d   Thumb Code    50  i2c.o(i.MX_I2C2_Init)
    MX_TIM2_Init                             0x080034dd   Thumb Code   140  tim.o(i.MX_TIM2_Init)
    MX_USART1_UART_Init                      0x0800356d   Thumb Code    48  usart.o(i.MX_USART1_UART_Init)
    MemManage_Handler                        0x080035a5   Thumb Code     2  stm32f1xx_it.o(i.MemManage_Handler)
    NMI_Handler                              0x080035a7   Thumb Code     2  stm32f1xx_it.o(i.NMI_Handler)
    OLED_Clear                               0x080035a9   Thumb Code    20  oled.o(i.OLED_Clear)
    OLED_Init                                0x08003689   Thumb Code   174  oled.o(i.OLED_Init)
    OLED_Refresh                             0x08003741   Thumb Code    34  oled.o(i.OLED_Refresh)
    OLED_RefreshPage                         0x08003769   Thumb Code    32  oled.o(i.OLED_RefreshPage)
    OLED_ShowChar                            0x080037b1   Thumb Code    62  oled.o(i.OLED_ShowChar)
    OLED_ShowString                          0x080037f9   Thumb Code    38  oled.o(i.OLED_ShowString)
    PWM_Init                                 0x080038b5   Thumb Code    30  pwm.o(i.PWM_Init)
    PWM_SetDuty                              0x080038d9   Thumb Code    36  pwm.o(i.PWM_SetDuty)
    PendSV_Handler                           0x08003901   Thumb Code     2  stm32f1xx_it.o(i.PendSV_Handler)
    RGB_BreathTask                           0x08003a9d   Thumb Code    36  rgbled.o(i.RGB_BreathTask)
    RGB_Init                                 0x08003ac9   Thumb Code    20  rgbled.o(i.RGB_Init)
    RGB_RainbowTask                          0x08003add   Thumb Code    30  rgbled.o(i.RGB_RainbowTask)
    RGB_SetColor                             0x08003b01   Thumb Code    84  rgbled.o(i.RGB_SetColor)
    RGB_SetHue                               0x08003b55   Thumb Code    30  rgbled.o(i.RGB_SetHue)
    SVC_Handler                              0x08003b79   Thumb Code     2  stm32f1xx_it.o(i.SVC_Handler)
    SysTick_Handler                          0x08003b7d   Thumb Code    22  stm32f1xx_it.o(i.SysTick_Handler)
    SystemClock_Config                       0x08003b99   Thumb Code    94  main.o(i.SystemClock_Config)
    SystemInit                               0x08003bf7   Thumb Code     2  system_stm32f1xx.o(i.SystemInit)
    TIM_Base_SetConfig                       0x08003bf9   Thumb Code   108  stm32f1xx_hal_tim.o(i.TIM_Base_SetConfig)
    TIM_CCxChannelCmd                        0x08003c71   Thumb Code    26  stm32f1xx_hal_tim.o(i.TIM_CCxChannelCmd)
    TIM_OC2_SetConfig                        0x08003cdd   Thumb Code    84  stm32f1xx_hal_tim.o(i.TIM_OC2_SetConfig)
    UART_Start_Receive_DMA                   0x08004101   Thumb Code   130  stm32f1xx_hal_uart.o(i.UART_Start_Receive_DMA)
    USART1_IRQHandler                        0x08004191   Thumb Code    18  stm32f1xx_it.o(i.USART1_IRQHandler)
    UsageFault_Handler                       0x080041f5   Thumb Code     2  stm32f1xx_it.o(i.UsageFault_Handler)
    _is_digit                                0x08004217   Thumb Code    14  __printf_wp.o(i._is_digit)
    main                                     0x08004225   Thumb Code   842  main.o(i.main)
    _get_lc_ctype                            0x080045fd   Thumb Code    44  lc_ctype_c.o(locale$$code)
    OLED_F8x16                               0x08004644   Data        1520  oled.o(.constdata)
    AHBPrescTable                            0x080050fe   Data          16  system_stm32f1xx.o(.constdata)
    APBPrescTable                            0x0800510e   Data           8  system_stm32f1xx.o(.constdata)
    Region$$Table$$Base                      0x08005148   Number         0  anon$$obj.o(Region$$Table)
    Region$$Table$$Limit                     0x08005168   Number         0  anon$$obj.o(Region$$Table)
    __ctype                                  0x08005175   Data           0  lc_ctype_c.o(locale$$data)
    bt_rx_ready                              0x20000060   Data           1  hc05.o(.data)
    bt_rx_len                                0x20000062   Data           2  hc05.o(.data)
    bh1750_data                              0x2000007c   Data           4  bh1750.o(.data)
    bmp280_data                              0x20000092   Data           6  bmp280.o(.data)
    g_msTick                                 0x20000098   Data           4  stm32f1xx_it.o(.data)
    uwTickFreq                               0x2000009c   Data           1  stm32f1xx_hal.o(.data)
    uwTickPrio                               0x200000a0   Data           4  stm32f1xx_hal.o(.data)
    uwTick                                   0x200000a4   Data           4  stm32f1xx_hal.o(.data)
    SystemCoreClock                          0x200000a8   Data           4  system_stm32f1xx.o(.data)
    hi2c1                                    0x200000b0   Data          84  i2c.o(.bss)
    hi2c2                                    0x20000104   Data          84  i2c.o(.bss)
    htim2                                    0x20000158   Data          72  tim.o(.bss)
    huart1                                   0x200001a0   Data          72  usart.o(.bss)
    hdma_usart1_tx                           0x200001e8   Data          68  usart.o(.bss)
    hdma_usart1_rx                           0x2000022c   Data          68  usart.o(.bss)
    bt_rx_buf                                0x200002b0   Data          64  hc05.o(.bss)
    __libspace_start                         0x2000080c   Data          96  libspace.o(.bss)
    __temporary_stack_top$libspace           0x2000086c   Data           0  libspace.o(.bss)



==============================================================================

Memory Map of the image

  Image Entry point : 0x080000ed

  Load Region LR_IROM1 (Base: 0x08000000, Size: 0x00005328, Max: 0x00010000, ABSOLUTE)

    Execution Region ER_IROM1 (Exec base: 0x08000000, Load base: 0x08000000, Size: 0x00005278, Max: 0x00010000, ABSOLUTE)

    Exec Addr    Load Addr    Size         Type   Attr      Idx    E Section Name        Object

    0x08000000   0x08000000   0x000000ec   Data   RO            3    RESET               startup_stm32f103xb.o
    0x080000ec   0x080000ec   0x00000008   Code   RO         3763  * !!!main             c_w.l(__main.o)
    0x080000f4   0x080000f4   0x00000034   Code   RO         3976    !!!scatter          c_w.l(__scatter.o)
    0x08000128   0x08000128   0x0000001a   Code   RO         3978    !!handler_copy      c_w.l(__scatter_copy.o)
    0x08000142   0x08000142   0x00000002   PAD
    0x08000144   0x08000144   0x0000001c   Code   RO         3980    !!handler_zi        c_w.l(__scatter_zi.o)
    0x08000160   0x08000160   0x00000000   Code   RO         3743    .ARM.Collect$$_printf_percent$$00000000  c_w.l(_printf_percent.o)
    0x08000160   0x08000160   0x00000006   Code   RO         3742    .ARM.Collect$$_printf_percent$$00000009  c_w.l(_printf_d.o)
    0x08000166   0x08000166   0x00000006   Code   RO         3741    .ARM.Collect$$_printf_percent$$00000014  c_w.l(_printf_s.o)
    0x0800016c   0x0800016c   0x00000004   Code   RO         3783    .ARM.Collect$$_printf_percent$$00000017  c_w.l(_printf_percent_end.o)
    0x08000170   0x08000170   0x00000002   Code   RO         3843    .ARM.Collect$$libinit$$00000000  c_w.l(libinit.o)
    0x08000172   0x08000172   0x00000000   Code   RO         3853    .ARM.Collect$$libinit$$00000002  c_w.l(libinit2.o)
    0x08000172   0x08000172   0x00000000   Code   RO         3855    .ARM.Collect$$libinit$$00000004  c_w.l(libinit2.o)
    0x08000172   0x08000172   0x00000000   Code   RO         3858    .ARM.Collect$$libinit$$0000000A  c_w.l(libinit2.o)
    0x08000172   0x08000172   0x00000000   Code   RO         3860    .ARM.Collect$$libinit$$0000000C  c_w.l(libinit2.o)
    0x08000172   0x08000172   0x00000000   Code   RO         3862    .ARM.Collect$$libinit$$0000000E  c_w.l(libinit2.o)
    0x08000172   0x08000172   0x00000006   Code   RO         3863    .ARM.Collect$$libinit$$0000000F  c_w.l(libinit2.o)
    0x08000178   0x08000178   0x00000000   Code   RO         3865    .ARM.Collect$$libinit$$00000011  c_w.l(libinit2.o)
    0x08000178   0x08000178   0x0000000c   Code   RO         3866    .ARM.Collect$$libinit$$00000012  c_w.l(libinit2.o)
    0x08000184   0x08000184   0x00000000   Code   RO         3867    .ARM.Collect$$libinit$$00000013  c_w.l(libinit2.o)
    0x08000184   0x08000184   0x00000000   Code   RO         3869    .ARM.Collect$$libinit$$00000015  c_w.l(libinit2.o)
    0x08000184   0x08000184   0x00000000   Code   RO         3871    .ARM.Collect$$libinit$$00000017  c_w.l(libinit2.o)
    0x08000184   0x08000184   0x00000000   Code   RO         3873    .ARM.Collect$$libinit$$00000019  c_w.l(libinit2.o)
    0x08000184   0x08000184   0x00000000   Code   RO         3875    .ARM.Collect$$libinit$$0000001B  c_w.l(libinit2.o)
    0x08000184   0x08000184   0x00000000   Code   RO         3877    .ARM.Collect$$libinit$$0000001D  c_w.l(libinit2.o)
    0x08000184   0x08000184   0x00000000   Code   RO         3879    .ARM.Collect$$libinit$$0000001F  c_w.l(libinit2.o)
    0x08000184   0x08000184   0x00000000   Code   RO         3881    .ARM.Collect$$libinit$$00000021  c_w.l(libinit2.o)
    0x08000184   0x08000184   0x00000000   Code   RO         3883    .ARM.Collect$$libinit$$00000023  c_w.l(libinit2.o)
    0x08000184   0x08000184   0x00000000   Code   RO         3885    .ARM.Collect$$libinit$$00000025  c_w.l(libinit2.o)
    0x08000184   0x08000184   0x00000000   Code   RO         3889    .ARM.Collect$$libinit$$0000002C  c_w.l(libinit2.o)
    0x08000184   0x08000184   0x00000000   Code   RO         3891    .ARM.Collect$$libinit$$0000002E  c_w.l(libinit2.o)
    0x08000184   0x08000184   0x00000000   Code   RO         3893    .ARM.Collect$$libinit$$00000030  c_w.l(libinit2.o)
    0x08000184   0x08000184   0x00000000   Code   RO         3895    .ARM.Collect$$libinit$$00000032  c_w.l(libinit2.o)
    0x08000184   0x08000184   0x00000002   Code   RO         3896    .ARM.Collect$$libinit$$00000033  c_w.l(libinit2.o)
    0x08000186   0x08000186   0x00000002   Code   RO         3926    .ARM.Collect$$libshutdown$$00000000  c_w.l(libshutdown.o)
    0x08000188   0x08000188   0x00000000   Code   RO         3943    .ARM.Collect$$libshutdown$$00000002  c_w.l(libshutdown2.o)
    0x08000188   0x08000188   0x00000000   Code   RO         3945    .ARM.Collect$$libshutdown$$00000004  c_w.l(libshutdown2.o)
    0x08000188   0x08000188   0x00000000   Code   RO         3948    .ARM.Collect$$libshutdown$$00000007  c_w.l(libshutdown2.o)
    0x08000188   0x08000188   0x00000000   Code   RO         3951    .ARM.Collect$$libshutdown$$0000000A  c_w.l(libshutdown2.o)
    0x08000188   0x08000188   0x00000000   Code   RO         3953    .ARM.Collect$$libshutdown$$0000000C  c_w.l(libshutdown2.o)
    0x08000188   0x08000188   0x00000000   Code   RO         3956    .ARM.Collect$$libshutdown$$0000000F  c_w.l(libshutdown2.o)
    0x08000188   0x08000188   0x00000002   Code   RO         3957    .ARM.Collect$$libshutdown$$00000010  c_w.l(libshutdown2.o)
    0x0800018a   0x0800018a   0x00000000   Code   RO         3765    .ARM.Collect$$rtentry$$00000000  c_w.l(__rtentry.o)
    0x0800018a   0x0800018a   0x00000000   Code   RO         3794    .ARM.Collect$$rtentry$$00000002  c_w.l(__rtentry2.o)
    0x0800018a   0x0800018a   0x00000006   Code   RO         3806    .ARM.Collect$$rtentry$$00000004  c_w.l(__rtentry4.o)
    0x08000190   0x08000190   0x00000000   Code   RO         3796    .ARM.Collect$$rtentry$$00000009  c_w.l(__rtentry2.o)
    0x08000190   0x08000190   0x00000004   Code   RO         3797    .ARM.Collect$$rtentry$$0000000A  c_w.l(__rtentry2.o)
    0x08000194   0x08000194   0x00000000   Code   RO         3799    .ARM.Collect$$rtentry$$0000000C  c_w.l(__rtentry2.o)
    0x08000194   0x08000194   0x00000008   Code   RO         3800    .ARM.Collect$$rtentry$$0000000D  c_w.l(__rtentry2.o)
    0x0800019c   0x0800019c   0x00000002   Code   RO         3844    .ARM.Collect$$rtexit$$00000000  c_w.l(rtexit.o)
    0x0800019e   0x0800019e   0x00000000   Code   RO         3898    .ARM.Collect$$rtexit$$00000002  c_w.l(rtexit2.o)
    0x0800019e   0x0800019e   0x00000004   Code   RO         3899    .ARM.Collect$$rtexit$$00000003  c_w.l(rtexit2.o)
    0x080001a2   0x080001a2   0x00000006   Code   RO         3900    .ARM.Collect$$rtexit$$00000004  c_w.l(rtexit2.o)
    0x080001a8   0x080001a8   0x00000040   Code   RO            4    .text               startup_stm32f103xb.o
    0x080001e8   0x080001e8   0x00000048   Code   RO         3707    .text               c_w.l(llsdiv.o)
    0x08000230   0x08000230   0x00000034   Code   RO         3711    .text               c_w.l(noretval__2snprintf.o)
    0x08000264   0x08000264   0x0000004e   Code   RO         3715    .text               c_w.l(_printf_pad.o)
    0x080002b2   0x080002b2   0x00000052   Code   RO         3717    .text               c_w.l(_printf_str.o)
    0x08000304   0x08000304   0x00000078   Code   RO         3719    .text               c_w.l(_printf_dec.o)
    0x0800037c   0x0800037c   0x00000138   Code   RO         3733    .text               c_w.l(__printf_flags_wp.o)
    0x080004b4   0x080004b4   0x0000001a   Code   RO         3744    .text               c_w.l(atoi.o)
    0x080004ce   0x080004ce   0x00000002   PAD
    0x080004d0   0x080004d0   0x0000000c   Code   RO         3746    .text               c_w.l(strtok.o)
    0x080004dc   0x080004dc   0x00000014   Code   RO         3749    .text               c_w.l(strchr.o)
    0x080004f0   0x080004f0   0x0000003e   Code   RO         3751    .text               c_w.l(strlen.o)
    0x0800052e   0x0800052e   0x00000096   Code   RO         3753    .text               c_w.l(strncmp.o)
    0x080005c4   0x080005c4   0x0000008a   Code   RO         3755    .text               c_w.l(rt_memcpy_v6.o)
    0x0800064e   0x0800064e   0x00000044   Code   RO         3757    .text               c_w.l(rt_memclr.o)
    0x08000692   0x08000692   0x0000004e   Code   RO         3759    .text               c_w.l(rt_memclr_w.o)
    0x080006e0   0x080006e0   0x00000006   Code   RO         3761    .text               c_w.l(heapauxi.o)
    0x080006e6   0x080006e6   0x00000002   PAD
    0x080006e8   0x080006e8   0x00000008   Code   RO         3769    .text               c_w.l(rt_errno_addr_intlibspace.o)
    0x080006f0   0x080006f0   0x000000ee   Code   RO         3771    .text               c_w.l(lludivv7m.o)
    0x080007de   0x080007de   0x000000b2   Code   RO         3773    .text               c_w.l(_printf_intcommon.o)
    0x08000890   0x08000890   0x00000030   Code   RO         3775    .text               c_w.l(_printf_char_common.o)
    0x080008c0   0x080008c0   0x0000000a   Code   RO         3777    .text               c_w.l(_sputc.o)
    0x080008ca   0x080008ca   0x00000010   Code   RO         3779    .text               c_w.l(_snputc.o)
    0x080008da   0x080008da   0x0000002c   Code   RO         3781    .text               c_w.l(_printf_char.o)
    0x08000906   0x08000906   0x00000070   Code   RO         3784    .text               c_w.l(strtol.o)
    0x08000976   0x08000976   0x00000002   PAD
    0x08000978   0x08000978   0x00000044   Code   RO         3786    .text               c_w.l(strtok_int.o)
    0x080009bc   0x080009bc   0x00000064   Code   RO         3788    .text               c_w.l(rt_memcpy_w.o)
    0x08000a20   0x08000a20   0x00000008   Code   RO         3790    .text               c_w.l(libspace.o)
    0x08000a28   0x08000a28   0x00000010   Code   RO         3808    .text               c_w.l(rt_ctype_table.o)
    0x08000a38   0x08000a38   0x0000009e   Code   RO         3816    .text               c_w.l(_strtoul.o)
    0x08000ad6   0x08000ad6   0x00000020   Code   RO         3818    .text               c_w.l(strcspn.o)
    0x08000af6   0x08000af6   0x0000001c   Code   RO         3820    .text               c_w.l(strspn.o)
    0x08000b12   0x08000b12   0x0000004a   Code   RO         3822    .text               c_w.l(sys_stackheap_outer.o)
    0x08000b5c   0x08000b5c   0x00000008   Code   RO         3829    .text               c_w.l(rt_locale_intlibspace.o)
    0x08000b64   0x08000b64   0x0000001c   Code   RO         3831    .text               c_w.l(_chval.o)
    0x08000b80   0x08000b80   0x00000012   Code   RO         3836    .text               c_w.l(exit.o)
    0x08000b92   0x08000b92   0x00000002   PAD
    0x08000b94   0x08000b94   0x00000080   Code   RO         3850    .text               c_w.l(strcmpv7m.o)
    0x08000c14   0x08000c14   0x0000000c   Code   RO         3914    .text               c_w.l(sys_exit.o)
    0x08000c20   0x08000c20   0x00000002   Code   RO         3931    .text               c_w.l(use_no_semi.o)
    0x08000c22   0x08000c22   0x00000000   Code   RO         3933    .text               c_w.l(indicate_semi.o)
    0x08000c22   0x08000c22   0x00000002   PAD
    0x08000c24   0x08000c24   0x00000024   Code   RO          623    i.BH1750_GetLux     bh1750.o
    0x08000c48   0x08000c48   0x00000024   Code   RO          624    i.BH1750_Init       bh1750.o
    0x08000c6c   0x08000c6c   0x000000f4   Code   RO          625    i.BH1750_Task       bh1750.o
    0x08000d60   0x08000d60   0x0000017c   Code   RO          682    i.BMP280_Compensate_P  bmp280.o
    0x08000edc   0x08000edc   0x00000068   Code   RO          683    i.BMP280_GetCalib   bmp280.o
    0x08000f44   0x08000f44   0x00000024   Code   RO          684    i.BMP280_GetData    bmp280.o
    0x08000f68   0x08000f68   0x00000060   Code   RO          685    i.BMP280_Init       bmp280.o
    0x08000fc8   0x08000fc8   0x00000034   Code   RO          686    i.BMP280_ReadReg    bmp280.o
    0x08000ffc   0x08000ffc   0x00000038   Code   RO          687    i.BMP280_ReadRegs   bmp280.o
    0x08001034   0x08001034   0x00000114   Code   RO          689    i.BMP280_Task       bmp280.o
    0x08001148   0x08001148   0x00000028   Code   RO          690    i.BMP280_WriteReg   bmp280.o
    0x08001170   0x08001170   0x00000002   Code   RO          761    i.BusFault_Handler  stm32f1xx_it.o
    0x08001172   0x08001172   0x00000002   PAD
    0x08001174   0x08001174   0x0000000c   Code   RO          762    i.DMA1_Channel4_IRQHandler  stm32f1xx_it.o
    0x08001180   0x08001180   0x0000000c   Code   RO          763    i.DMA1_Channel5_IRQHandler  stm32f1xx_it.o
    0x0800118c   0x0800118c   0x0000002a   Code   RO         1735    i.DMA_SetConfig     stm32f1xx_hal_dma.o
    0x080011b6   0x080011b6   0x00000002   Code   RO          764    i.DebugMon_Handler  stm32f1xx_it.o
    0x080011b8   0x080011b8   0x00000004   Code   RO           13    i.Error_Handler     main.o
    0x080011bc   0x080011bc   0x00000046   Code   RO         1736    i.HAL_DMA_Abort     stm32f1xx_hal_dma.o
    0x08001202   0x08001202   0x00000002   PAD
    0x08001204   0x08001204   0x00000098   Code   RO         1737    i.HAL_DMA_Abort_IT  stm32f1xx_hal_dma.o
    0x0800129c   0x0800129c   0x00000154   Code   RO         1741    i.HAL_DMA_IRQHandler  stm32f1xx_hal_dma.o
    0x080013f0   0x080013f0   0x0000005c   Code   RO         1742    i.HAL_DMA_Init      stm32f1xx_hal_dma.o
    0x0800144c   0x0800144c   0x00000070   Code   RO         1746    i.HAL_DMA_Start_IT  stm32f1xx_hal_dma.o
    0x080014bc   0x080014bc   0x00000024   Code   RO         1362    i.HAL_Delay         stm32f1xx_hal.o
    0x080014e0   0x080014e0   0x00000118   Code   RO         1669    i.HAL_GPIO_DeInit   stm32f1xx_hal_gpio.o
    0x080015f8   0x080015f8   0x000001e0   Code   RO         1672    i.HAL_GPIO_Init     stm32f1xx_hal_gpio.o
    0x080017d8   0x080017d8   0x0000000a   Code   RO         1674    i.HAL_GPIO_ReadPin  stm32f1xx_hal_gpio.o
    0x080017e2   0x080017e2   0x0000000a   Code   RO         1676    i.HAL_GPIO_WritePin  stm32f1xx_hal_gpio.o
    0x080017ec   0x080017ec   0x0000000c   Code   RO         1366    i.HAL_GetTick       stm32f1xx_hal.o
    0x080017f8   0x080017f8   0x00000032   Code   RO          920    i.HAL_I2C_DeInit    stm32f1xx_hal_i2c.o
    0x0800182a   0x0800182a   0x00000002   PAD
    0x0800182c   0x0800182c   0x00000188   Code   RO          929    i.HAL_I2C_Init      stm32f1xx_hal_i2c.o
    0x080019b4   0x080019b4   0x0000016c   Code   RO          930    i.HAL_I2C_IsDeviceReady  stm32f1xx_hal_i2c.o
    0x08001b20   0x08001b20   0x00000250   Code   RO          935    i.HAL_I2C_Master_Receive  stm32f1xx_hal_i2c.o
    0x08001d70   0x08001d70   0x0000012c   Code   RO          942    i.HAL_I2C_Master_Transmit  stm32f1xx_hal_i2c.o
    0x08001e9c   0x08001e9c   0x00000058   Code   RO          203    i.HAL_I2C_MspDeInit  i2c.o
    0x08001ef4   0x08001ef4   0x00000098   Code   RO          204    i.HAL_I2C_MspInit   i2c.o
    0x08001f8c   0x08001f8c   0x00000010   Code   RO         1372    i.HAL_IncTick       stm32f1xx_hal.o
    0x08001f9c   0x08001f9c   0x00000024   Code   RO         1373    i.HAL_Init          stm32f1xx_hal.o
    0x08001fc0   0x08001fc0   0x00000040   Code   RO         1374    i.HAL_InitTick      stm32f1xx_hal.o
    0x08002000   0x08002000   0x0000003c   Code   RO          858    i.HAL_MspInit       stm32f1xx_hal_msp.o
    0x0800203c   0x0800203c   0x0000001a   Code   RO         1832    i.HAL_NVIC_EnableIRQ  stm32f1xx_hal_cortex.o
    0x08002056   0x08002056   0x00000002   PAD
    0x08002058   0x08002058   0x00000040   Code   RO         1838    i.HAL_NVIC_SetPriority  stm32f1xx_hal_cortex.o
    0x08002098   0x08002098   0x00000024   Code   RO         1839    i.HAL_NVIC_SetPriorityGrouping  stm32f1xx_hal_cortex.o
    0x080020bc   0x080020bc   0x0000012c   Code   RO         1530    i.HAL_RCC_ClockConfig  stm32f1xx_hal_rcc.o
    0x080021e8   0x080021e8   0x00000020   Code   RO         1537    i.HAL_RCC_GetPCLK1Freq  stm32f1xx_hal_rcc.o
    0x08002208   0x08002208   0x00000020   Code   RO         1538    i.HAL_RCC_GetPCLK2Freq  stm32f1xx_hal_rcc.o
    0x08002228   0x08002228   0x0000004c   Code   RO         1539    i.HAL_RCC_GetSysClockFreq  stm32f1xx_hal_rcc.o
    0x08002274   0x08002274   0x00000320   Code   RO         1542    i.HAL_RCC_OscConfig  stm32f1xx_hal_rcc.o
    0x08002594   0x08002594   0x00000028   Code   RO         1843    i.HAL_SYSTICK_Config  stm32f1xx_hal_cortex.o
    0x080025bc   0x080025bc   0x00000068   Code   RO         3057    i.HAL_TIMEx_MasterConfigSynchronization  stm32f1xx_hal_tim_ex.o
    0x08002624   0x08002624   0x00000048   Code   RO          251    i.HAL_TIM_MspPostInit  tim.o
    0x0800266c   0x0800266c   0x000000cc   Code   RO         2406    i.HAL_TIM_PWM_ConfigChannel  stm32f1xx_hal_tim.o
    0x08002738   0x08002738   0x0000005a   Code   RO         2409    i.HAL_TIM_PWM_Init  stm32f1xx_hal_tim.o
    0x08002792   0x08002792   0x00000002   PAD
    0x08002794   0x08002794   0x00000024   Code   RO          253    i.HAL_TIM_PWM_MspInit  tim.o
    0x080027b8   0x080027b8   0x0000009c   Code   RO         2414    i.HAL_TIM_PWM_Start  stm32f1xx_hal_tim.o
    0x08002854   0x08002854   0x00000002   Code   RO         3317    i.HAL_UARTEx_RxEventCallback  stm32f1xx_hal_uart.o
    0x08002856   0x08002856   0x00000070   Code   RO         3329    i.HAL_UART_DMAStop  stm32f1xx_hal_uart.o
    0x080028c6   0x080028c6   0x00000002   Code   RO         3331    i.HAL_UART_ErrorCallback  stm32f1xx_hal_uart.o
    0x080028c8   0x080028c8   0x0000026c   Code   RO         3334    i.HAL_UART_IRQHandler  stm32f1xx_hal_uart.o
    0x08002b34   0x08002b34   0x00000064   Code   RO         3335    i.HAL_UART_Init     stm32f1xx_hal_uart.o
    0x08002b98   0x08002b98   0x000000e4   Code   RO          381    i.HAL_UART_MspInit  usart.o
    0x08002c7c   0x08002c7c   0x0000001c   Code   RO         3339    i.HAL_UART_Receive_DMA  stm32f1xx_hal_uart.o
    0x08002c98   0x08002c98   0x00000002   Code   RO         3341    i.HAL_UART_RxCpltCallback  stm32f1xx_hal_uart.o
    0x08002c9a   0x08002c9a   0x00000002   Code   RO         3342    i.HAL_UART_RxHalfCpltCallback  stm32f1xx_hal_uart.o
    0x08002c9c   0x08002c9c   0x00000078   Code   RO         3344    i.HAL_UART_Transmit_DMA  stm32f1xx_hal_uart.o
    0x08002d14   0x08002d14   0x00000002   Code   RO         3346    i.HAL_UART_TxCpltCallback  stm32f1xx_hal_uart.o
    0x08002d16   0x08002d16   0x00000002   Code   RO         3347    i.HAL_UART_TxHalfCpltCallback  stm32f1xx_hal_uart.o
    0x08002d18   0x08002d18   0x00000078   Code   RO          460    i.HC05_IRQHandler   hc05.o
    0x08002d90   0x08002d90   0x00000024   Code   RO          461    i.HC05_Init         hc05.o
    0x08002db4   0x08002db4   0x00000048   Code   RO          462    i.HC05_SendString   hc05.o
    0x08002dfc   0x08002dfc   0x00000002   Code   RO          765    i.HardFault_Handler  stm32f1xx_it.o
    0x08002dfe   0x08002dfe   0x00000002   PAD
    0x08002e00   0x08002e00   0x00000018   Code   RO          627    i.I2C1_Recover      bh1750.o
    0x08002e18   0x08002e18   0x00000018   Code   RO          691    i.I2C1_Recover      bmp280.o
    0x08002e30   0x08002e30   0x0000002e   Code   RO          972    i.I2C_IsAcknowledgeFailed  stm32f1xx_hal_i2c.o
    0x08002e5e   0x08002e5e   0x00000002   PAD
    0x08002e60   0x08002e60   0x000000ec   Code   RO          975    i.I2C_MasterRequestRead  stm32f1xx_hal_i2c.o
    0x08002f4c   0x08002f4c   0x0000009c   Code   RO          976    i.I2C_MasterRequestWrite  stm32f1xx_hal_i2c.o
    0x08002fe8   0x08002fe8   0x00000056   Code   RO          987    i.I2C_WaitOnBTFFlagUntilTimeout  stm32f1xx_hal_i2c.o
    0x0800303e   0x0800303e   0x00000002   PAD
    0x08003040   0x08003040   0x00000090   Code   RO          988    i.I2C_WaitOnFlagUntilTimeout  stm32f1xx_hal_i2c.o
    0x080030d0   0x080030d0   0x000000bc   Code   RO          989    i.I2C_WaitOnMasterAddressFlagUntilTimeout  stm32f1xx_hal_i2c.o
    0x0800318c   0x0800318c   0x00000070   Code   RO          990    i.I2C_WaitOnRXNEFlagUntilTimeout  stm32f1xx_hal_i2c.o
    0x080031fc   0x080031fc   0x00000056   Code   RO          991    i.I2C_WaitOnTXEFlagUntilTimeout  stm32f1xx_hal_i2c.o
    0x08003252   0x08003252   0x00000002   PAD
    0x08003254   0x08003254   0x00000024   Code   RO          628    i.I2C_WriteByte     bh1750.o
    0x08003278   0x08003278   0x00000020   Code   RO          422    i.Key_GetEvent      key.o
    0x08003298   0x08003298   0x00000002   Code   RO          423    i.Key_Init          key.o
    0x0800329a   0x0800329a   0x00000002   PAD
    0x0800329c   0x0800329c   0x000000ec   Code   RO          424    i.Key_Scan          key.o
    0x08003388   0x08003388   0x0000003c   Code   RO          299    i.MX_DMA_Init       dma.o
    0x080033c4   0x080033c4   0x00000098   Code   RO          356    i.MX_GPIO_Init      gpio.o
    0x0800345c   0x0800345c   0x00000040   Code   RO          205    i.MX_I2C1_Init      i2c.o
    0x0800349c   0x0800349c   0x00000040   Code   RO          206    i.MX_I2C2_Init      i2c.o
    0x080034dc   0x080034dc   0x00000090   Code   RO          254    i.MX_TIM2_Init      tim.o
    0x0800356c   0x0800356c   0x00000038   Code   RO          382    i.MX_USART1_UART_Init  usart.o
    0x080035a4   0x080035a4   0x00000002   Code   RO          766    i.MemManage_Handler  stm32f1xx_it.o
    0x080035a6   0x080035a6   0x00000002   Code   RO          767    i.NMI_Handler       stm32f1xx_it.o
    0x080035a8   0x080035a8   0x00000018   Code   RO          503    i.OLED_Clear        oled.o
    0x080035c0   0x080035c0   0x000000c8   Code   RO          504    i.OLED_I2C_Recover  oled.o
    0x08003688   0x08003688   0x000000b8   Code   RO          505    i.OLED_Init         oled.o
    0x08003740   0x08003740   0x00000028   Code   RO          506    i.OLED_Refresh      oled.o
    0x08003768   0x08003768   0x00000024   Code   RO          507    i.OLED_RefreshPage  oled.o
    0x0800378c   0x0800378c   0x00000022   Code   RO          508    i.OLED_SetCursor    oled.o
    0x080037ae   0x080037ae   0x00000002   PAD
    0x080037b0   0x080037b0   0x00000048   Code   RO          509    i.OLED_ShowChar     oled.o
    0x080037f8   0x080037f8   0x00000026   Code   RO          510    i.OLED_ShowString   oled.o
    0x0800381e   0x0800381e   0x00000002   PAD
    0x08003820   0x08003820   0x0000003c   Code   RO          511    i.OLED_WriteCmd     oled.o
    0x0800385c   0x0800385c   0x00000058   Code   RO          512    i.OLED_WriteData    oled.o
    0x080038b4   0x080038b4   0x00000024   Code   RO          323    i.PWM_Init          pwm.o
    0x080038d8   0x080038d8   0x00000028   Code   RO          324    i.PWM_SetDuty       pwm.o
    0x08003900   0x08003900   0x00000002   Code   RO          768    i.PendSV_Handler    stm32f1xx_it.o
    0x08003902   0x08003902   0x00000002   PAD
    0x08003904   0x08003904   0x00000198   Code   RO           14    i.ProcessBtCommand  main.o
    0x08003a9c   0x08003a9c   0x0000002c   Code   RO          581    i.RGB_BreathTask    rgbled.o
    0x08003ac8   0x08003ac8   0x00000014   Code   RO          582    i.RGB_Init          rgbled.o
    0x08003adc   0x08003adc   0x00000024   Code   RO          583    i.RGB_RainbowTask   rgbled.o
    0x08003b00   0x08003b00   0x00000054   Code   RO          584    i.RGB_SetColor      rgbled.o
    0x08003b54   0x08003b54   0x00000024   Code   RO          585    i.RGB_SetHue        rgbled.o
    0x08003b78   0x08003b78   0x00000002   Code   RO          769    i.SVC_Handler       stm32f1xx_it.o
    0x08003b7a   0x08003b7a   0x00000002   PAD
    0x08003b7c   0x08003b7c   0x0000001c   Code   RO          770    i.SysTick_Handler   stm32f1xx_it.o
    0x08003b98   0x08003b98   0x0000005e   Code   RO           15    i.SystemClock_Config  main.o
    0x08003bf6   0x08003bf6   0x00000002   Code   RO         3669    i.SystemInit        system_stm32f1xx.o
    0x08003bf8   0x08003bf8   0x00000078   Code   RO         2427    i.TIM_Base_SetConfig  stm32f1xx_hal_tim.o
    0x08003c70   0x08003c70   0x0000001a   Code   RO         2428    i.TIM_CCxChannelCmd  stm32f1xx_hal_tim.o
    0x08003c8a   0x08003c8a   0x00000002   PAD
    0x08003c8c   0x08003c8c   0x00000050   Code   RO         2440    i.TIM_OC1_SetConfig  stm32f1xx_hal_tim.o
    0x08003cdc   0x08003cdc   0x00000058   Code   RO         2441    i.TIM_OC2_SetConfig  stm32f1xx_hal_tim.o
    0x08003d34   0x08003d34   0x00000058   Code   RO         2442    i.TIM_OC3_SetConfig  stm32f1xx_hal_tim.o
    0x08003d8c   0x08003d8c   0x00000044   Code   RO         2443    i.TIM_OC4_SetConfig  stm32f1xx_hal_tim.o
    0x08003dd0   0x08003dd0   0x00000010   Code   RO         3348    i.UART_DMAAbortOnError  stm32f1xx_hal_uart.o
    0x08003de0   0x08003de0   0x0000004a   Code   RO         3349    i.UART_DMAError     stm32f1xx_hal_uart.o
    0x08003e2a   0x08003e2a   0x00000086   Code   RO         3350    i.UART_DMAReceiveCplt  stm32f1xx_hal_uart.o
    0x08003eb0   0x08003eb0   0x0000001e   Code   RO         3352    i.UART_DMARxHalfCplt  stm32f1xx_hal_uart.o
    0x08003ece   0x08003ece   0x00000042   Code   RO         3354    i.UART_DMATransmitCplt  stm32f1xx_hal_uart.o
    0x08003f10   0x08003f10   0x0000000a   Code   RO         3356    i.UART_DMATxHalfCplt  stm32f1xx_hal_uart.o
    0x08003f1a   0x08003f1a   0x0000004e   Code   RO         3358    i.UART_EndRxTransfer  stm32f1xx_hal_uart.o
    0x08003f68   0x08003f68   0x0000001c   Code   RO         3359    i.UART_EndTxTransfer  stm32f1xx_hal_uart.o
    0x08003f84   0x08003f84   0x000000c2   Code   RO         3360    i.UART_Receive_IT   stm32f1xx_hal_uart.o
    0x08004046   0x08004046   0x00000002   PAD
    0x08004048   0x08004048   0x000000b8   Code   RO         3361    i.UART_SetConfig    stm32f1xx_hal_uart.o
    0x08004100   0x08004100   0x00000090   Code   RO         3362    i.UART_Start_Receive_DMA  stm32f1xx_hal_uart.o
    0x08004190   0x08004190   0x00000018   Code   RO          771    i.USART1_IRQHandler  stm32f1xx_it.o
    0x080041a8   0x080041a8   0x0000004c   Code   RO           16    i.UpdateModeDisplay  main.o
    0x080041f4   0x080041f4   0x00000002   Code   RO          772    i.UsageFault_Handler  stm32f1xx_it.o
    0x080041f6   0x080041f6   0x00000020   Code   RO         1845    i.__NVIC_SetPriority  stm32f1xx_hal_cortex.o
    0x08004216   0x08004216   0x0000000e   Code   RO         3731    i._is_digit         c_w.l(__printf_wp.o)
    0x08004224   0x08004224   0x000003d8   Code   RO           17    i.main              main.o
    0x080045fc   0x080045fc   0x0000002c   Code   RO         3834    locale$$code        c_w.l(lc_ctype_c.o)
    0x08004628   0x08004628   0x0000001c   Data   RO           18    .constdata          main.o
    0x08004644   0x08004644   0x000005f0   Data   RO          514    .constdata          oled.o
    0x08004c34   0x08004c34   0x000004b8   Data   RO          586    .constdata          rgbled.o
    0x080050ec   0x080050ec   0x00000012   Data   RO         1543    .constdata          stm32f1xx_hal_rcc.o
    0x080050fe   0x080050fe   0x00000010   Data   RO         3670    .constdata          system_stm32f1xx.o
    0x0800510e   0x0800510e   0x00000008   Data   RO         3671    .constdata          system_stm32f1xx.o
    0x08005116   0x08005116   0x00000011   Data   RO         3734    .constdata          c_w.l(__printf_flags_wp.o)
    0x08005127   0x08005127   0x00000001   PAD
    0x08005128   0x08005128   0x00000020   Data   RO           19    .conststring        main.o
    0x08005148   0x08005148   0x00000020   Data   RO         3974    Region$$Table       anon$$obj.o
    0x08005168   0x08005168   0x00000110   Data   RO         3833    locale$$data        c_w.l(lc_ctype_c.o)


    Execution Region RW_IRAM1 (Exec base: 0x20000000, Load base: 0x08005278, Size: 0x00001a70, Max: 0x00005000, ABSOLUTE)

    Exec Addr    Load Addr    Size         Type   Attr      Idx    E Section Name        Object

    0x20000000   0x08005278   0x00000024   Data   RW           20    .data               main.o
    0x20000024   0x0800529c   0x0000003c   Data   RW          425    .data               key.o
    0x20000060   0x080052d8   0x00000004   Data   RW          464    .data               hc05.o
    0x20000064   0x080052dc   0x00000008   Data   RW          515    .data               oled.o
    0x2000006c   0x080052e4   0x00000004   Data   RW          587    .data               rgbled.o
    0x20000070   0x080052e8   0x00000010   Data   RW          629    .data               bh1750.o
    0x20000080   0x080052f8   0x00000018   Data   RW          693    .data               bmp280.o
    0x20000098   0x08005310   0x00000004   Data   RW          773    .data               stm32f1xx_it.o
    0x2000009c   0x08005314   0x0000000c   Data   RW         1380    .data               stm32f1xx_hal.o
    0x200000a8   0x08005320   0x00000004   Data   RW         3672    .data               system_stm32f1xx.o
    0x200000ac   0x08005324   0x00000004   Data   RW         3747    .data               c_w.l(strtok.o)
    0x200000b0        -       0x000000a8   Zero   RW          207    .bss                i2c.o
    0x20000158        -       0x00000048   Zero   RW          255    .bss                tim.o
    0x200001a0        -       0x000000d0   Zero   RW          383    .bss                usart.o
    0x20000270        -       0x00000100   Zero   RW          463    .bss                hc05.o
    0x20000370        -       0x00000481   Zero   RW          513    .bss                oled.o
    0x200007f1   0x08005328   0x00000001   PAD
    0x200007f2        -       0x00000018   Zero   RW          692    .bss                bmp280.o
    0x2000080a   0x08005328   0x00000002   PAD
    0x2000080c        -       0x00000060   Zero   RW         3791    .bss                c_w.l(libspace.o)
    0x2000086c   0x08005328   0x00000004   PAD
    0x20000870        -       0x00000200   Zero   RW            2    HEAP                startup_stm32f103xb.o
    0x20000a70        -       0x00001000   Zero   RW            1    STACK               startup_stm32f103xb.o


==============================================================================

Image component sizes


      Code (inc. data)   RO Data    RW Data    ZI Data      Debug   Object Name

       376         48          0         16          0       4413   bh1750.o
      1064         54          0         24         24       7667   bmp280.o
        60          4          0          0          0        818   dma.o
       152         12          0          0          0       1015   gpio.o
       228         34          0          4        256       2562   hc05.o
       368         62          0          0        168       3010   i2c.o
       270         18          0         60          0       2613   key.o
      1566        228         60         36          0     440088   main.o
       776         64       1520          8       1153       7138   oled.o
        76         10          0          0          0       1025   pwm.o
       220         20       1208          4          0       3230   rgbled.o
        64         26        236          0       4608        836   startup_stm32f103xb.o
       164         28          0         12          0       6113   stm32f1xx_hal.o
       198         14          0          0          0      29095   stm32f1xx_hal_cortex.o
       808         36          0          0          0       5170   stm32f1xx_hal_dma.o
       780         60          0          0          0       4609   stm32f1xx_hal_gpio.o
      2752         64          0          0          0      15007   stm32f1xx_hal_i2c.o
        60          8          0          0          0        926   stm32f1xx_hal_msp.o
      1240         84         18          0          0       5268   stm32f1xx_hal_rcc.o
       920         44          0          0          0       8214   stm32f1xx_hal_tim.o
       104         12          0          0          0       1408   stm32f1xx_hal_tim_ex.o
      1950         38          0          0          0      16367   stm32f1xx_hal_uart.o
        92         24          0          4          0       6362   stm32f1xx_it.o
         2          0         24          4          0       1191   system_stm32f1xx.o
       252         20          0          0         72       2375   tim.o
       284         30          0          0        208       1984   usart.o

    ----------------------------------------------------------------------
     14858       1042       3098        172       6492     578504   Object Totals
         0          0         32          0          0          0   (incl. Generated)
        32          0          0          0          3          0   (incl. Padding)

    ----------------------------------------------------------------------

      Code (inc. data)   RO Data    RW Data    ZI Data      Debug   Library Member Name

         8          0          0          0          0         68   __main.o
       312          4         17          0          0         92   __printf_flags_wp.o
        14          0          0          0          0         68   __printf_wp.o
         0          0          0          0          0          0   __rtentry.o
        12          0          0          0          0          0   __rtentry2.o
         6          0          0          0          0          0   __rtentry4.o
        52          8          0          0          0          0   __scatter.o
        26          0          0          0          0          0   __scatter_copy.o
        28          0          0          0          0          0   __scatter_zi.o
        28          0          0          0          0         68   _chval.o
        44          0          0          0          0        108   _printf_char.o
        48          6          0          0          0         96   _printf_char_common.o
         6          0          0          0          0          0   _printf_d.o
       120         16          0          0          0         92   _printf_dec.o
       178          0          0          0          0         88   _printf_intcommon.o
        78          0          0          0          0        108   _printf_pad.o
         0          0          0          0          0          0   _printf_percent.o
         4          0          0          0          0          0   _printf_percent_end.o
         6          0          0          0          0          0   _printf_s.o
        82          0          0          0          0         80   _printf_str.o
        16          0          0          0          0         68   _snputc.o
        10          0          0          0          0         68   _sputc.o
       158          0          0          0          0         92   _strtoul.o
        26          0          0          0          0         80   atoi.o
        18          0          0          0          0         80   exit.o
         6          0          0          0          0        152   heapauxi.o
         0          0          0          0          0          0   indicate_semi.o
        44         10        272          0          0         76   lc_ctype_c.o
         2          0          0          0          0          0   libinit.o
        20          0          0          0          0          0   libinit2.o
         2          0          0          0          0          0   libshutdown.o
         2          0          0          0          0          0   libshutdown2.o
         8          4          0          0         96         68   libspace.o
        72          0          0          0          0         76   llsdiv.o
       238          0          0          0          0        100   lludivv7m.o
        52          4          0          0          0         84   noretval__2snprintf.o
        16          4          0          0          0         76   rt_ctype_table.o
         8          4          0          0          0         68   rt_errno_addr_intlibspace.o
         8          4          0          0          0         68   rt_locale_intlibspace.o
        68          0          0          0          0         68   rt_memclr.o
        78          0          0          0          0         80   rt_memclr_w.o
       138          0          0          0          0         68   rt_memcpy_v6.o
       100          0          0          0          0         80   rt_memcpy_w.o
         2          0          0          0          0          0   rtexit.o
        10          0          0          0          0          0   rtexit2.o
        20          0          0          0          0         68   strchr.o
       128          0          0          0          0         68   strcmpv7m.o
        32          0          0          0          0         80   strcspn.o
        62          0          0          0          0         76   strlen.o
       150          0          0          0          0         80   strncmp.o
        28          0          0          0          0         80   strspn.o
        12          6          0          4          0         68   strtok.o
        68          4          0          0          0         84   strtok_int.o
       112          0          0          0          0         88   strtol.o
        12          4          0          0          0         68   sys_exit.o
        74          0          0          0          0         80   sys_stackheap_outer.o
         2          0          0          0          0         68   use_no_semi.o

    ----------------------------------------------------------------------
      2866         78        290          4        100       3228   Library Totals
        12          0          1          0          4          0   (incl. Padding)

    ----------------------------------------------------------------------

      Code (inc. data)   RO Data    RW Data    ZI Data      Debug   Library Name

      2854         78        289          4         96       3228   c_w.l

    ----------------------------------------------------------------------
      2866         78        290          4        100       3228   Library Totals

    ----------------------------------------------------------------------

==============================================================================


      Code (inc. data)   RO Data    RW Data    ZI Data      Debug   

     17724       1120       3388        176       6592     572992   Grand Totals
     17724       1120       3388        176       6592     572992   ELF Image Totals
     17724       1120       3388        176          0          0   ROM Totals

==============================================================================

    Total RO  Size (Code + RO Data)                21112 (  20.62kB)
    Total RW  Size (RW Data + ZI Data)              6768 (   6.61kB)
    Total ROM Size (Code + RO Data + RW Data)      21288 (  20.79kB)

==============================================================================

